[2026-05-27 10:28:46] ============================================================
[2026-05-27 10:28:46] TELEGRAM SENTINEL V2 INICIADO — Centinela permanente 24/7
[2026-05-27 10:28:46] PID: 25948
[2026-05-27 10:28:46] ============================================================
[2026-05-27 10:28:46] Token OK. Último update_id: 454854896
[2026-05-27 18:40:17] ============================================================
[2026-05-27 18:40:17] TELEGRAM SENTINEL V2 INICIADO — Centinela permanente 24/7
[2026-05-27 18:40:17] PID: 23872
[2026-05-27 18:40:17] ============================================================
[2026-05-27 18:40:17] Token OK. Último update_id: 454854896
[2026-05-27 18:41:09] MENSAJE (Antigravity apagado): 🔴 Off Charm
[2026-05-27 18:42:24] ============================================================
[2026-05-27 18:42:24] TELEGRAM SENTINEL V2 INICIADO — Centinela permanente 24/7
[2026-05-27 18:42:24] PID: 36136
[2026-05-27 18:42:24] ============================================================
[2026-05-27 18:42:24] Token OK. Último update_id: 454854986
[2026-05-27 18:42:55] MENSAJE (Antigravity apagado): 🔴 Off Charm
[2026-05-29 22:16:38] ============================================================
[2026-05-29 22:16:38] TELEGRAM SENTINEL V2 INICIADO — Centinela permanente 24/7
[2026-05-29 22:16:38] PID: 1344
[2026-05-29 22:16:38] ============================================================
[2026-05-29 22:16:38] Token OK. Último update_id: 454854987
[2026-05-29 22:18:23] MENSAJE (Charm apagado): 🔴 Off Charm
[2026-05-29 22:19:36] MENSAJE (Charm apagado): 🔴 Off Charm
[2026-05-29 22:21:01] MENSAJE (Charm apagado): 🔴 Off Charm
[2026-05-29 22:24:24] ============================================================
[2026-05-29 22:24:24] TELEGRAM SENTINEL V2 INICIADO — Centinela permanente 24/7
[2026-05-29 22:24:24] PID: 36588
[2026-05-29 22:24:24] ============================================================
[2026-05-29 22:24:24] Token OK. Último update_id: 454855011
[2026-05-29 22:26:11] ============================================================
[2026-05-29 22:26:11] TELEGRAM SENTINEL V2 INICIADO — Centinela permanente 24/7
[2026-05-29 22:26:11] PID: 36000
[2026-05-29 22:26:11] ============================================================
[2026-05-29 22:26:11] Token OK. Último update_id: 454855011
[2026-05-29 22:26:33] MENSAJE (Charm apagado): 🔴 Off Charm
[2026-05-29 22:35:36] ============================================================
[2026-05-29 22:35:36] TELEGRAM SENTINEL V2 INICIADO — Centinela permanente 24/7
[2026-05-29 22:35:36] PID: 28576
[2026-05-29 22:35:36] ============================================================
[2026-05-29 22:35:36] Token OK. Último update_id: 454855012
[2026-05-29 23:31:09] ============================================================
[2026-05-29 23:31:09] TELEGRAM SENTINEL V2 INICIADO — Centinela permanente 24/7
[2026-05-29 23:31:09] PID: 13700
[2026-05-29 23:31:09] ============================================================
[2026-05-29 23:31:09] Token OK. Último update_id: 454855012
[2026-05-30 00:39:33] ============================================================
[2026-05-30 00:39:33] TELEGRAM SENTINEL V2 INICIADO — Centinela permanente 24/7
[2026-05-30 00:39:33] PID: 17204
[2026-05-30 00:39:33] ============================================================
[2026-05-30 00:39:33] Token OK. Último update_id: 454855012
[2026-05-30 08:06:46] ============================================================
[2026-05-30 08:06:46] TELEGRAM SENTINEL V2 INICIADO — Centinela permanente 24/7
[2026-05-30 08:06:46] PID: 30812
[2026-05-30 08:06:46] ============================================================
[2026-05-30 08:06:46] Token OK. Último update_id: 454855013
[2026-05-30 08:32:21] MENSAJE (Charm apagado): 🟢 On Charm
[2026-05-30 08:32:21] Purgando procesos antiguos antes de arrancar...
[2026-05-30 08:32:28] Arrancando Chask Swarm desde start_swarm.bat (V3)...
[2026-05-30 08:32:28] Lanzado: start_swarm.bat (V3) via os.startfile
[2026-05-30 08:32:37] Charm detectado tras 9s
[2026-05-31 20:34:05] MENSAJE (Charm apagado): 🔴 Off Charm
[2026-05-31 20:34:10] MENSAJE (Charm apagado): 🟢 On Charm
[2026-05-31 20:34:10] Purgando procesos antiguos antes de arrancar...
[2026-05-31 20:34:17] Arrancando Chask Swarm desde start_swarm.bat (V3)...
[2026-05-31 20:34:17] Lanzado: start_swarm.bat (V3) via os.startfile
[2026-05-31 20:34:26] Charm detectado tras 9s
[2026-06-01 08:16:13] ============================================================
[2026-06-01 08:16:13] TELEGRAM SENTINEL V2 INICIADO — Centinela permanente 24/7
[2026-06-01 08:16:13] PID: 35692
[2026-06-01 08:16:13] ============================================================
[2026-06-01 08:16:13] Token OK. Último update_id: 454855054
[2026-06-02 07:57:05] MENSAJE (Charm apagado): 🟢 On Charm
[2026-06-02 07:57:06] Purgando procesos antiguos antes de arrancar...
[2026-06-02 07:57:13] Arrancando Chask Swarm desde start_swarm.bat (V3)...
[2026-06-02 07:57:13] Lanzado: start_swarm.bat (V3) via os.startfile
[2026-06-02 07:57:22] Charm detectado tras 9s
[2026-06-04 07:59:07] ============================================================
[2026-06-04 07:59:07] TELEGRAM SENTINEL V2 INICIADO — Centinela permanente 24/7
[2026-06-04 07:59:07] PID: 28296
[2026-06-04 07:59:07] ============================================================
[2026-06-04 07:59:07] Token OK. Último update_id: 454855064
[2026-06-04 08:44:23] MENSAJE (Charm apagado): Nora, me recibes?
[2026-06-04 08:44:25] Purgando procesos antiguos antes de arrancar...
[2026-06-04 08:44:32] Arrancando Chask Swarm desde start_swarm.bat (V3)...
[2026-06-04 08:44:32] Lanzado: start_swarm.bat (V3) via os.startfile
[2026-06-04 08:46:20] Charm detectado tras 105s
[2026-06-04 21:30:20] ============================================================
[2026-06-04 21:30:20] TELEGRAM SENTINEL V2 INICIADO — Centinela permanente 24/7
[2026-06-04 21:30:20] PID: 23524
[2026-06-04 21:30:20] ============================================================
[2026-06-04 21:30:20] Token OK. Último update_id: 454855078
