[2026-05-27 00:28:42] ==================================================
[2026-05-27 00:28:42] [INICIO] Apagado solicitado por Telegram (vía antigravity_telegram.py)
[2026-05-27 00:28:42] [ÉXITO] Paso 1: kill_switch.lock creado.
[2026-05-27 00:28:42] [ÉXITO] Paso 2: process_watchdog.py aniquilado.
[2026-05-27 00:28:42] [ÉXITO] Paso 3: Todos los daemons Python secundarios aniquilados.
[2026-05-27 00:28:43] [ÉXITO] Paso 4: Proceso n8n (node.exe) aniquilado.
[2026-05-27 00:28:43] [ÉXITO] Paso 5: Contenedores Qdrant y N8N detenidos.
[2026-05-27 00:28:46] [ÉXITO] Paso 6: IDE Antigravity cerrado.
[2026-05-27 00:28:46] [FIN] Proceso de apagado concluido.
[2026-05-27 00:28:46] ==================================================
[27/05/2026  0:44:54,23] [BATCH] Ejecutando launcher para process_watchdog.py... 
[2026-05-27 00:44:54] [INFO] Lanzando process_watchdog.py vía WMI...
[2026-05-27 00:44:56] [ÉXITO] El daemon process_watchdog.py sobrevivió al arranque WMI.
[27/05/2026  0:44:56,33] [BATCH] Ejecutando launcher para unified_channel_daemon.py... 
[2026-05-27 00:44:56] [INFO] Lanzando unified_channel_daemon.py vía WMI...
[2026-05-27 00:44:58] [ÉXITO] El daemon unified_channel_daemon.py sobrevivió al arranque WMI.
[27/05/2026  0:44:58,43] [BATCH] Ejecutando launcher para n8n_bridge_daemon.py... 
[2026-05-27 00:44:58] [INFO] Lanzando n8n_bridge_daemon.py vía WMI...
[2026-05-27 00:44:59] ==================================================
[2026-05-27 00:44:59] [INICIO] Encendido completo del enjambre solicitado por Telegram
[2026-05-27 00:44:59] [ÉXITO] Paso 1: kill_switch.lock eliminado correctamente.
[2026-05-27 00:44:59] [ÉXITO] Paso 2: start_swarm.bat lanzado con PID 30612.
[2026-05-27 00:44:59] [FIN] Proceso de encendido delegado a start_swarm.bat.
[2026-05-27 00:44:59] ==================================================
[27/05/2026  0:44:59,78] [BATCH] Ejecutando launcher para process_watchdog.py... 
[27/05/2026  0:44:59,98] [BATCH] Ejecutando launcher para unified_channel_daemon.py... 
[27/05/2026  0:45:00,17] [BATCH] Ejecutando launcher para n8n_bridge_daemon.py... 
[27/05/2026  0:45:00,37] [BATCH] Verificando IDE Antigravity... 
[2026-05-27 00:45:00] [ÉXITO] El daemon n8n_bridge_daemon.py sobrevivió al arranque WMI.
[27/05/2026  0:45:00,53] [BATCH] Verificando IDE Antigravity... 
[27/05/2026  0:45:00,67] [BATCH] IDE Antigravity ya estaba corriendo. 
[27/05/2026  0:45:00,72] [BATCH] IDE Antigravity ya estaba corriendo. 
[2026-05-27 00:54:08] ==================================================
[2026-05-27 00:54:08] [INICIO] Apagado completo del enjambre solicitado por Telegram
[2026-05-27 00:54:08] [ÉXITO] Paso 1: kill_switch.lock creado correctamente.
[2026-05-27 00:54:09] [ERROR] Paso 2: process_watchdog.py resistió el apagado.
[2026-05-27 00:54:11] [ÉXITO] Paso 3: Todos los daemons Python secundarios aniquilados.
[2026-05-27 00:54:13] [ÉXITO] Paso 4: Proceso n8n (node.exe) aniquilado.
[2026-05-27 00:54:15] [ÉXITO] Paso 5: Contenedor Qdrant detenido ordenadamente.
[2026-05-27 00:59:22] ==================================================
[2026-05-27 00:59:22] [INICIO] Encendido completo del enjambre solicitado por Telegram
[2026-05-27 00:59:22] [ÉXITO] Paso 1: kill_switch.lock eliminado correctamente.
[2026-05-27 00:59:22] [ÉXITO] Paso 2: Inicio.bat lanzado con PID 18840.
[2026-05-27 00:59:22] [FIN] Proceso de encendido delegado a Inicio.bat.
[2026-05-27 00:59:22] ==================================================
[2026-05-27 01:11:23] ==================================================
[2026-05-27 01:11:23] [INICIO] Apagado completo del enjambre solicitado por Telegram
[2026-05-27 01:11:23] [ÉXITO] Paso 1: kill_switch.lock creado correctamente.
[2026-05-27 01:11:24] [ERROR] Paso 2: process_watchdog.py resistió el apagado.
[2026-05-27 01:11:26] [ÉXITO] Paso 3: Todos los daemons Python secundarios aniquilados.
[2026-05-27 01:11:27] [ÉXITO] Paso 4: Proceso n8n (node.exe) aniquilado.
[2026-05-27 01:11:30] [ÉXITO] Paso 5: Contenedor Qdrant detenido ordenadamente.
[2026-05-27 01:26:37] ==================================================
[2026-05-27 01:26:37] [INICIO] Encendido completo del enjambre solicitado por Telegram
[2026-05-27 01:26:37] [ÉXITO] Paso 1: kill_switch.lock eliminado correctamente.
[2026-05-27 01:26:37] [ÉXITO] Paso 2: Inicio.bat lanzado con PID 15168.
[2026-05-27 01:26:37] [FIN] Proceso de encendido delegado a Inicio.bat.
[2026-05-27 01:26:37] ==================================================
[2026-05-27 01:26:38] ==================================================
[2026-05-27 01:26:38] [INICIO] Apagado visual solicitado por Telegram (Cerrando IDEs)
[2026-05-27 01:35:13] ==================================================
[2026-05-27 01:35:13] [INICIO] Apagado completo del enjambre solicitado por Telegram
[2026-05-27 01:35:13] [ÉXITO] Paso 1: kill_switch.lock creado correctamente.
[2026-05-27 01:35:13] [ÉXITO] Paso 2: process_watchdog.py aniquilado.
[2026-05-27 01:35:51] ==================================================
[2026-05-27 01:35:51] [INICIO] Encendido completo del enjambre solicitado por Telegram
[2026-05-27 01:35:51] [ÉXITO] Paso 1: kill_switch.lock eliminado correctamente.
[2026-05-27 01:35:51] [ÉXITO] Paso 2: start_swarm.bat lanzado con PID 29976.
[2026-05-27 01:35:51] [FIN] Proceso de encendido delegado a start_swarm.bat.
[2026-05-27 01:35:51] ==================================================
[27/05/2026  1:35:51,90] [BATCH] Ejecutando launcher para process_watchdog.py... 
[2026-05-27 01:35:52] [INFO] Lanzando process_watchdog.py vía WMI...
[2026-05-27 01:35:52] ==================================================
[2026-05-27 01:35:52] [INICIO] Apagado completo del enjambre solicitado por Telegram
[2026-05-27 01:35:52] [ÉXITO] Paso 1: kill_switch.lock creado correctamente.
[2026-05-27 01:35:53] [ÉXITO] Paso 2: process_watchdog.py aniquilado.
[27/05/2026  1:35:53,72] [BATCH] Ejecutando launcher para unified_channel_daemon.py... 
[2026-05-27 01:35:53] [ÉXITO] Paso 3: Todos los daemons Python secundarios aniquilados.
[2026-05-27 01:35:54] [ÉXITO] Paso 4: Proceso n8n (node.exe) aniquilado.
[2026-05-27 01:35:54] [ÉXITO] Paso 5: Contenedores Qdrant y N8N detenidos.
[2026-05-27 01:35:55] ==================================================
[2026-05-27 01:35:55] [INICIO] Apagado completo del enjambre solicitado por Telegram
[2026-05-27 01:35:55] [ÉXITO] Paso 1: kill_switch.lock creado correctamente.
[2026-05-27 01:35:55] [ÉXITO] Paso 2: process_watchdog.py aniquilado.
[2026-05-27 01:35:56] [ÉXITO] Paso 3: Todos los daemons Python secundarios aniquilados.
[2026-05-27 01:35:56] [ÉXITO] Paso 4: Proceso n8n (node.exe) aniquilado.
[2026-05-27 01:35:56] [ÉXITO] Paso 5: Contenedores Qdrant y N8N detenidos.
[27/05/2026  1:35:56,90] [BATCH] Ejecutando launcher para n8n_bridge_daemon.py... 
[2026-05-27 01:35:57] [INFO] Lanzando n8n_bridge_daemon.py vía WMI...
[2026-05-27 01:35:57] [ÉXITO] Paso 6: IDE Antigravity cerrado.
[2026-05-27 01:35:57] [FIN] Proceso de apagado concluido.
[2026-05-27 01:35:57] ==================================================
[2026-05-27 08:31:23] ==================================================
[2026-05-27 08:31:23] [INICIO] Encendido completo del enjambre solicitado por Telegram
[2026-05-27 08:31:23] [INFO] Paso 1: kill_switch.lock no existía.
[2026-05-27 08:31:23] [ÉXITO] Paso 2: start_swarm.bat lanzado con PID 9920.
[2026-05-27 08:31:23] [FIN] Proceso de encendido delegado a start_swarm.bat.
[2026-05-27 08:31:23] ==================================================
[27/05/2026  8:31:23,67] [BATCH] Ejecutando launcher para process_watchdog.py... 
[2026-05-27 08:31:24] [INFO] Lanzando process_watchdog.py vía WMI...
[2026-05-27 08:31:24] ==================================================
[2026-05-27 08:31:24] [INICIO] Apagado completo del enjambre solicitado por Telegram
[2026-05-27 08:31:24] [ÉXITO] Paso 1: kill_switch.lock creado correctamente.
[2026-05-27 08:31:25] [ÉXITO] Paso 2: process_watchdog.py aniquilado.
[27/05/2026  8:31:25,38] [BATCH] Ejecutando launcher para unified_channel_daemon.py... 
[2026-05-27 08:31:25] [ÉXITO] Paso 3: Todos los daemons Python secundarios aniquilados.
[2026-05-27 08:31:25] [ÉXITO] Paso 4: Proceso n8n (node.exe) aniquilado.
[27/05/2026  8:31:25,86] [BATCH] Ejecutando launcher para n8n_bridge_daemon.py... 
[2026-05-27 08:31:26] [ÉXITO] Paso 5: Contenedores Qdrant y N8N detenidos.
[27/05/2026  8:31:26,30] [BATCH] Verificando IDE Antigravity... 
[27/05/2026  8:31:26,83] [BATCH] IDE Antigravity ya estaba corriendo. 
[2026-05-27 08:31:29] [ÉXITO] Paso 6: IDE Antigravity cerrado.
[2026-05-27 08:31:29] [FIN] Proceso de apagado concluido.
[2026-05-27 08:31:29] ==================================================
[2026-05-27 08:46:58] [INFO] Lanzando unified_channel_daemon.py vía WMI...
[2026-05-27 08:47:00] [ÉXITO] El daemon unified_channel_daemon.py sobrevivió al arranque WMI.
[2026-05-27 08:47:01] ==================================================
[2026-05-27 08:47:01] [INICIO] Encendido completo del enjambre solicitado por Telegram
[2026-05-27 08:47:01] [ÉXITO] Paso 1: kill_switch.lock eliminado correctamente.
[2026-05-27 08:47:01] [ÉXITO] Paso 2: start_swarm.bat lanzado con PID 13424.
[2026-05-27 08:47:01] [FIN] Proceso de encendido delegado a start_swarm.bat.
[2026-05-27 08:47:01] ==================================================
[27/05/2026  8:47:01,24] [BATCH] Ejecutando launcher para process_watchdog.py... 
[2026-05-27 08:47:01] [INFO] Lanzando process_watchdog.py vía WMI...
[2026-05-27 08:47:02] ==================================================
[2026-05-27 08:47:02] [INICIO] Apagado completo del enjambre solicitado por Telegram
[2026-05-27 08:47:02] [ÉXITO] Paso 1: kill_switch.lock creado correctamente.
[2026-05-27 08:47:02] [ÉXITO] Paso 2: process_watchdog.py aniquilado.
[27/05/2026  8:47:02,70] [BATCH] Ejecutando launcher para unified_channel_daemon.py... 
[2026-05-27 08:47:02] [ÉXITO] Paso 3: Todos los daemons Python secundarios aniquilados.
[27/05/2026  8:47:02,89] [BATCH] Ejecutando launcher para n8n_bridge_daemon.py... 
[2026-05-27 08:47:03] [ÉXITO] Paso 4: Proceso n8n (node.exe) aniquilado.
[2026-05-27 08:47:03] [INFO] Lanzando n8n_bridge_daemon.py vía WMI...
[2026-05-27 08:47:03] [ÉXITO] Paso 5: Contenedores Qdrant y N8N detenidos.
[2026-05-27 08:47:05] [ÉXITO] El daemon n8n_bridge_daemon.py sobrevivió al arranque WMI.
[27/05/2026  8:47:05,10] [BATCH] Verificando IDE Antigravity... 
[27/05/2026  8:47:05,37] [BATCH] IDE Antigravity ya estaba corriendo. 
[2026-05-27 08:47:06] [ÉXITO] Paso 6: IDE Antigravity cerrado.
[2026-05-27 08:47:06] [FIN] Proceso de apagado concluido.
[2026-05-27 08:47:06] ==================================================
[2026-05-27 08:47:23] ==================================================
[2026-05-27 08:47:23] [INICIO] Encendido completo del enjambre solicitado por Telegram
[2026-05-27 08:47:23] [ÉXITO] Paso 1: kill_switch.lock eliminado correctamente.
[2026-05-27 08:47:23] [ÉXITO] Paso 2: start_swarm.bat lanzado con PID 25596.
[2026-05-27 08:47:23] [FIN] Proceso de encendido delegado a start_swarm.bat.
[2026-05-27 08:47:23] ==================================================
[27/05/2026  8:47:23,88] [BATCH] Ejecutando launcher para process_watchdog.py... 
[2026-05-27 08:47:24] [INFO] Lanzando process_watchdog.py vía WMI...
[2026-05-27 08:47:26] [ÉXITO] El daemon process_watchdog.py sobrevivió al arranque WMI.
[27/05/2026  8:47:26,13] [BATCH] Ejecutando launcher para unified_channel_daemon.py... 
[27/05/2026  8:47:26,49] [BATCH] Ejecutando launcher para n8n_bridge_daemon.py... 
[27/05/2026  8:47:26,86] [BATCH] Verificando IDE Antigravity... 
[27/05/2026  8:47:27,22] [BATCH] Levantando IDE Antigravity... 
[2026-05-27 08:48:47] ==================================================
[2026-05-27 08:48:47] [INICIO] Apagado completo del enjambre solicitado por Telegram
[2026-05-27 08:48:47] [ÉXITO] Paso 1: kill_switch.lock creado correctamente.
[2026-05-27 08:48:48] [ÉXITO] Paso 2: process_watchdog.py aniquilado.
[2026-05-27 08:48:48] [ÉXITO] Paso 3: Todos los daemons Python secundarios aniquilados.
[2026-05-27 08:48:48] [ÉXITO] Paso 4: Proceso n8n (node.exe) aniquilado.
[2026-05-27 08:48:49] [ÉXITO] Paso 5: Contenedores Qdrant y N8N detenidos.
[2026-05-27 08:48:52] [ÉXITO] Paso 6: IDE Antigravity cerrado.
[2026-05-27 08:48:52] [FIN] Proceso de apagado concluido.
[2026-05-27 08:48:52] ==================================================
[2026-05-27 08:49:04] ==================================================
[2026-05-27 08:49:04] [INICIO] Encendido completo del enjambre solicitado por Telegram
[2026-05-27 08:49:04] [ÉXITO] Paso 1: kill_switch.lock eliminado correctamente.
[2026-05-27 08:49:04] [ÉXITO] Paso 2: start_swarm.bat lanzado con PID 25064.
[2026-05-27 08:49:04] [FIN] Proceso de encendido delegado a start_swarm.bat.
[2026-05-27 08:49:04] ==================================================
[27/05/2026  8:49:04,23] [BATCH] Ejecutando launcher para process_watchdog.py... 
[2026-05-27 08:49:04] [INFO] Lanzando process_watchdog.py vía WMI...
[2026-05-27 08:49:06] [ÉXITO] El daemon process_watchdog.py sobrevivió al arranque WMI.
[27/05/2026  8:49:06,46] [BATCH] Ejecutando launcher para unified_channel_daemon.py... 
[27/05/2026  8:49:06,72] [BATCH] Ejecutando launcher para n8n_bridge_daemon.py... 
[27/05/2026  8:49:06,99] [BATCH] Verificando IDE Antigravity... 
[27/05/2026  8:49:07,84] [BATCH] Levantando IDE Antigravity... 
[2026-05-27 10:20:11] ==================================================
[2026-05-27 10:20:11] [INICIO] Encendido completo del enjambre solicitado por Telegram
[2026-05-27 10:20:11] [ÉXITO] Paso 1: kill_switch.lock eliminado correctamente.
[2026-05-27 10:20:11] [ÉXITO] Paso 2: start_swarm.bat lanzado con PID 30552.
[2026-05-27 10:20:11] [FIN] Proceso de encendido delegado a start_swarm.bat.
[2026-05-27 10:20:11] ==================================================
[27/05/2026 10:20:11,53] [BATCH] Ejecutando launcher para process_watchdog.py... 
[27/05/2026 10:20:12,62] [BATCH] Ejecutando launcher para unified_channel_daemon.py... 
[27/05/2026 10:20:13,48] [BATCH] Ejecutando launcher para n8n_bridge_daemon.py... 
[2026-05-27 10:20:14] [INFO] Lanzando n8n_bridge_daemon.py vía WMI...
[2026-05-27 10:20:16] [ÉXITO] El daemon n8n_bridge_daemon.py sobrevivió al arranque WMI.
[27/05/2026 10:20:16,35] [BATCH] Verificando IDE Antigravity... 
[27/05/2026 10:20:17,09] [BATCH] IDE Antigravity ya estaba corriendo. 
[2026-05-27 10:38:10] ==================================================
[2026-05-27 10:38:10] [INICIO] Apagado completo del enjambre solicitado por Telegram
[2026-05-27 10:38:10] [ÉXITO] Paso 1: kill_switch.lock creado correctamente.
[2026-05-27 10:38:10] [ÉXITO] Paso 2: process_watchdog.py aniquilado.
[2026-05-27 10:38:11] [ÉXITO] Paso 3: Todos los daemons Python secundarios aniquilados.
[2026-05-27 10:38:11] [ÉXITO] Paso 4: Proceso n8n (node.exe) aniquilado.
[2026-05-27 10:38:12] [ÉXITO] Paso 5: Contenedores Qdrant y N8N detenidos.
[2026-05-27 10:38:15] [ÉXITO] Paso 6: IDE Antigravity cerrado.
[2026-05-27 10:38:15] [FIN] Proceso de apagado concluido.
[2026-05-27 10:38:15] ==================================================
[2026-05-27 10:38:39] ==================================================
[2026-05-27 10:38:39] [INICIO] Encendido completo del enjambre solicitado por Telegram
[2026-05-27 10:38:39] [ÉXITO] Paso 1: kill_switch.lock eliminado correctamente.
[2026-05-27 10:38:39] [ÉXITO] Paso 2: start_swarm.bat lanzado con PID 12640.
[2026-05-27 10:38:39] [FIN] Proceso de encendido delegado a start_swarm.bat.
[2026-05-27 10:38:39] ==================================================
[27/05/2026 10:38:39,47] [BATCH] Ejecutando launcher para process_watchdog.py... 
[2026-05-27 10:38:39] [INFO] Lanzando process_watchdog.py vía WMI...
[2026-05-27 10:38:41] [ÉXITO] El daemon process_watchdog.py sobrevivió al arranque WMI.
[27/05/2026 10:38:42,01] [BATCH] Ejecutando launcher para unified_channel_daemon.py... 
[27/05/2026 10:38:42,49] [BATCH] Ejecutando launcher para n8n_bridge_daemon.py... 
[27/05/2026 10:38:42,92] [BATCH] Verificando IDE Antigravity... 
[27/05/2026 10:38:43,39] [BATCH] Levantando IDE Antigravity... 
[2026-05-27 13:29:46] ==================================================
[2026-05-27 13:29:46] [INICIO] Apagado completo del enjambre solicitado por Telegram
[2026-05-27 13:29:46] [ÉXITO] Paso 1: kill_switch.lock creado correctamente.
[2026-05-27 13:29:47] [ÉXITO] Paso 2: process_watchdog.py aniquilado.
[2026-05-27 13:29:47] [ÉXITO] Paso 3: Todos los daemons Python secundarios aniquilados.
[2026-05-27 13:29:48] [ÉXITO] Paso 4: Proceso n8n (node.exe) aniquilado.
[2026-05-27 13:29:49] [ÉXITO] Paso 5: Contenedores Qdrant y N8N detenidos.
[2026-05-27 13:29:52] [ÉXITO] Paso 6: IDE Antigravity cerrado.
[2026-05-27 13:29:52] [FIN] Proceso de apagado concluido.
[2026-05-27 13:29:52] ==================================================
[2026-05-27 13:29:57] ==================================================
[2026-05-27 13:29:57] [INICIO] Encendido completo del enjambre solicitado por Telegram
[2026-05-27 13:29:57] [ÉXITO] Paso 1: kill_switch.lock eliminado correctamente.
[2026-05-27 13:29:57] [ÉXITO] Paso 2: start_swarm.bat lanzado con PID 5796.
[2026-05-27 13:29:57] [FIN] Proceso de encendido delegado a start_swarm.bat.
[2026-05-27 13:29:57] ==================================================
[27/05/2026 13:29:57,15] [BATCH] Ejecutando launcher para process_watchdog.py... 
[2026-05-27 13:29:57] [INFO] Lanzando process_watchdog.py vía WMI...
[2026-05-27 13:29:59] [ÉXITO] El daemon process_watchdog.py sobrevivió al arranque WMI.
[27/05/2026 13:29:59,70] [BATCH] Ejecutando launcher para unified_channel_daemon.py... 
[27/05/2026 13:30:00,32] [BATCH] Ejecutando launcher para n8n_bridge_daemon.py... 
[27/05/2026 13:30:00,73] [BATCH] Verificando IDE Antigravity... 
[27/05/2026 13:30:01,24] [BATCH] Levantando IDE Antigravity... 
[2026-05-27 13:35:22] ==================================================
[2026-05-27 13:35:22] [INICIO] Apagado completo del enjambre solicitado por Telegram
[2026-05-27 13:35:22] [ÉXITO] Paso 1: kill_switch.lock creado correctamente.
[2026-05-27 13:35:22] [ÉXITO] Paso 2: process_watchdog.py aniquilado.
[2026-05-27 13:35:23] [ÉXITO] Paso 3: Todos los daemons Python secundarios aniquilados.
[2026-05-27 13:35:23] [ÉXITO] Paso 4: Proceso n8n (node.exe) aniquilado.
[2026-05-27 13:35:25] [ÉXITO] Paso 5: Contenedores Qdrant y N8N detenidos.
[2026-05-27 13:35:28] [ÉXITO] Paso 6: IDE Antigravity cerrado.
[2026-05-27 13:35:28] [FIN] Proceso de apagado concluido.
[2026-05-27 13:35:28] ==================================================
[2026-05-27 13:35:37] ==================================================
[2026-05-27 13:35:37] [INICIO] Encendido completo del enjambre solicitado por Telegram
[2026-05-27 13:35:37] [ÉXITO] Paso 1: kill_switch.lock eliminado correctamente.
[2026-05-27 13:35:37] [ÉXITO] Paso 2: start_swarm.bat lanzado con PID 7916.
[2026-05-27 13:35:37] [FIN] Proceso de encendido delegado a start_swarm.bat.
[2026-05-27 13:35:37] ==================================================
[27/05/2026 13:35:37,85] [BATCH] Ejecutando launcher para process_watchdog.py... 
[2026-05-27 13:35:38] [INFO] Lanzando process_watchdog.py vía WMI...
[2026-05-27 13:35:40] [ÉXITO] El daemon process_watchdog.py sobrevivió al arranque WMI.
[27/05/2026 13:35:40,34] [BATCH] Ejecutando launcher para unified_channel_daemon.py... 
[27/05/2026 13:35:40,71] [BATCH] Ejecutando launcher para n8n_bridge_daemon.py... 
[27/05/2026 13:35:41,08] [BATCH] Verificando IDE Antigravity... 
[27/05/2026 13:35:41,59] [BATCH] Levantando IDE Antigravity... 
[2026-05-27 17:35:37] ==================================================
[2026-05-27 17:35:37] [INICIO] Apagado completo del enjambre solicitado por Telegram
[2026-05-27 17:35:37] [ÉXITO] Paso 1: kill_switch.lock creado correctamente.
[2026-05-27 17:35:37] [ÉXITO] Paso 2: process_watchdog.py aniquilado.
[2026-05-27 17:35:38] [ÉXITO] Paso 3: Todos los daemons Python secundarios aniquilados.
[2026-05-27 17:35:38] [ÉXITO] Paso 4: Proceso n8n (node.exe) aniquilado.
[2026-05-27 17:35:39] [ÉXITO] Paso 5: Contenedores Qdrant y N8N detenidos.
[2026-05-27 17:35:42] [ÉXITO] Paso 6: IDE Antigravity cerrado.
[2026-05-27 17:35:42] [FIN] Proceso de apagado concluido.
[2026-05-27 17:35:42] ==================================================
[2026-05-27 18:05:47] ==================================================
[2026-05-27 18:05:47] [INICIO] Encendido completo del enjambre solicitado por Telegram
[2026-05-27 18:05:47] [ÉXITO] Paso 1: kill_switch.lock eliminado correctamente.
[2026-05-27 18:05:47] [ÉXITO] Paso 2: start_swarm.bat lanzado con PID 28920.
[2026-05-27 18:05:47] [FIN] Proceso de encendido delegado a start_swarm.bat.
[2026-05-27 18:05:47] ==================================================
[27/05/2026 18:05:47,67] [BATCH] Ejecutando launcher para process_watchdog.py... 
[2026-05-27 18:05:48] [INFO] Lanzando process_watchdog.py vía WMI...
[2026-05-27 18:05:50] [ÉXITO] El daemon process_watchdog.py sobrevivió al arranque WMI.
[27/05/2026 18:05:50,17] [BATCH] Ejecutando launcher para unified_channel_daemon.py... 
[27/05/2026 18:05:50,52] [BATCH] Ejecutando launcher para n8n_bridge_daemon.py... 
[27/05/2026 18:05:50,88] [BATCH] Verificando IDE Antigravity... 
[27/05/2026 18:05:51,40] [BATCH] Levantando IDE Antigravity... 
[2026-05-27 18:25:12] ==================================================
[2026-05-27 18:25:12] [INICIO] Apagado completo del enjambre solicitado por Telegram
[2026-05-27 18:25:12] [ÉXITO] Paso 1: kill_switch.lock creado correctamente.
[2026-05-27 18:25:12] [ÉXITO] Paso 2: process_watchdog.py aniquilado.
[2026-05-27 18:25:13] [ÉXITO] Paso 3: Todos los daemons Python secundarios aniquilados.
[2026-05-27 18:25:13] [ÉXITO] Paso 4: Proceso n8n (node.exe) aniquilado.
[2026-05-27 18:25:14] [ÉXITO] Paso 5: Contenedores Qdrant y N8N detenidos.
[2026-05-27 18:25:17] [ÉXITO] Paso 6: IDE Antigravity cerrado.
[2026-05-27 18:25:17] [FIN] Proceso de apagado concluido.
[2026-05-27 18:25:17] ==================================================
[2026-05-27 18:25:21] ==================================================
[2026-05-27 18:25:21] [INICIO] Encendido completo del enjambre solicitado por Telegram
[2026-05-27 18:25:21] [ÉXITO] Paso 1: kill_switch.lock eliminado correctamente.
[2026-05-27 18:25:21] [ÉXITO] Paso 2: start_swarm.bat lanzado con PID 28996.
[2026-05-27 18:25:21] [FIN] Proceso de encendido delegado a start_swarm.bat.
[2026-05-27 18:25:21] ==================================================
[27/05/2026 18:25:21,92] [BATCH] Ejecutando launcher para process_watchdog.py... 
[2026-05-27 18:25:22] [INFO] Lanzando process_watchdog.py vía WMI...
[2026-05-27 18:25:24] [ÉXITO] El daemon process_watchdog.py sobrevivió al arranque WMI.
[27/05/2026 18:25:24,43] [BATCH] Ejecutando launcher para unified_channel_daemon.py... 
[27/05/2026 18:25:24,70] [BATCH] Ejecutando launcher para n8n_bridge_daemon.py... 
[27/05/2026 18:25:24,99] [BATCH] Verificando IDE Antigravity... 
[27/05/2026 18:25:25,73] [BATCH] Levantando IDE Antigravity... 
[2026-05-27 18:35:57] ==================================================
[2026-05-27 18:35:57] [INICIO] Apagado completo del enjambre solicitado por Telegram
[2026-05-27 18:35:57] [ÉXITO] Paso 1: kill_switch.lock creado correctamente.
[2026-05-27 18:35:57] ==================================================
[2026-05-27 18:35:57] [INICIO] Apagado solicitado por Telegram (vía antigravity_telegram.py)
[2026-05-27 18:35:57] [ÉXITO] Paso 1: kill_switch.lock creado.
[2026-05-27 18:35:57] [ÉXITO] Paso 2: process_watchdog.py aniquilado.
[2026-05-27 18:35:57] [ÉXITO] Paso 2: process_watchdog.py aniquilado.
[2026-05-27 18:37:17] ==================================================
[2026-05-27 18:37:17] [INICIO] Apagado completo del enjambre solicitado por Telegram
[2026-05-27 18:37:17] [ÉXITO] Paso 1: kill_switch.lock creado correctamente.
[2026-05-27 18:37:18] [ÉXITO] Paso 2: process_watchdog.py aniquilado.
[2026-05-27 18:37:18] [ÉXITO] Paso 3: Todos los daemons Python secundarios aniquilados.
[2026-05-27 18:37:19] [ÉXITO] Paso 4: Proceso n8n (node.exe) aniquilado.
[2026-05-27 18:37:19] [ÉXITO] Paso 5: Contenedores Qdrant y N8N detenidos.
[2026-05-27 18:37:20] ==================================================
[2026-05-27 18:37:20] [INICIO] Encendido completo del enjambre solicitado por Telegram
[2026-05-27 18:37:20] [ÉXITO] Paso 1: kill_switch.lock eliminado correctamente.
[2026-05-27 18:37:20] [ÉXITO] Paso 2: start_swarm.bat lanzado con PID 35640.
[2026-05-27 18:37:20] [FIN] Proceso de encendido delegado a start_swarm.bat.
[2026-05-27 18:37:20] ==================================================
[27/05/2026 18:37:20,27] [BATCH] Ejecutando launcher para process_watchdog.py... 
[2026-05-27 18:37:20] [INFO] Lanzando process_watchdog.py vía WMI...
[2026-05-27 18:37:22] [ÉXITO] Paso 6: IDE Antigravity cerrado.
[2026-05-27 18:37:22] [FIN] Proceso de apagado concluido.
[2026-05-27 18:37:22] ==================================================
[2026-05-27 18:37:22] [ÉXITO] El daemon process_watchdog.py sobrevivió al arranque WMI.
[27/05/2026 18:37:22,74] [BATCH] Ejecutando launcher para unified_channel_daemon.py... 
[27/05/2026 18:37:23,00] [BATCH] Ejecutando launcher para n8n_bridge_daemon.py... 
[27/05/2026 18:37:23,26] [BATCH] Verificando IDE Antigravity... 
[27/05/2026 18:37:23,75] [BATCH] Levantando IDE Antigravity... 
[2026-05-27 18:42:54] ==================================================
[2026-05-27 18:42:54] [INICIO] Apagado solicitado por Telegram (vía antigravity_telegram.py)
[2026-05-27 18:42:54] [ÉXITO] Paso 1: kill_switch.lock creado.
[2026-05-27 18:42:54] ==================================================
[2026-05-27 18:42:54] [INICIO] Apagado completo del enjambre solicitado por Telegram
[2026-05-27 18:42:54] [ÉXITO] Paso 1: kill_switch.lock creado correctamente.
[2026-05-27 18:42:54] [ÉXITO] Paso 2: process_watchdog.py aniquilado.
[2026-05-27 18:42:54] [ÉXITO] Paso 2: process_watchdog.py aniquilado.
[2026-05-27 18:42:54] [ÉXITO] Paso 3: Todos los daemons Python secundarios aniquilados.
[2026-05-27 18:54:08] ==================================================
[2026-05-27 18:54:08] [INICIO] Encendido completo del enjambre solicitado por Telegram
[2026-05-27 18:54:08] [INFO] Paso 1: kill_switch.lock no existía.
[2026-05-27 18:54:08] [ÉXITO] Paso 2: start_swarm.bat lanzado con PID 24928.
[2026-05-27 18:54:08] [FIN] Proceso de encendido delegado a start_swarm.bat.
[2026-05-27 18:54:08] ==================================================
[27/05/2026 18:54:08,38] [BATCH] Ejecutando launcher para process_watchdog.py... 
[27/05/2026 18:54:08,63] [BATCH] Ejecutando launcher para unified_channel_daemon.py... 
[27/05/2026 18:54:08,95] [BATCH] Ejecutando launcher para n8n_bridge_daemon.py... 
[27/05/2026 18:54:09,25] [BATCH] Verificando IDE Antigravity... 
[27/05/2026 18:54:09,73] [BATCH] IDE Antigravity ya estaba corriendo. 
[2026-05-27 19:13:32] ==================================================
[2026-05-27 19:13:32] [INICIO] Apagado completo del enjambre solicitado por Telegram
[2026-05-27 19:13:32] [ÉXITO] Paso 1: kill_switch.lock creado correctamente.
[2026-05-27 19:13:32] [ÉXITO] Paso 2: process_watchdog.py aniquilado.
[2026-05-27 19:13:32] [ÉXITO] Paso 3: Todos los daemons Python secundarios aniquilados.
[2026-05-27 19:13:33] [ÉXITO] Paso 4: Proceso n8n (node.exe) aniquilado.
[2026-05-27 19:13:33] [ÉXITO] Paso 5: Contenedores Qdrant y N8N detenidos.
[2026-05-27 19:13:37] [ÉXITO] Paso 6: IDE Antigravity cerrado.
[2026-05-27 19:13:37] [FIN] Proceso de apagado concluido.
[2026-05-27 19:13:37] ==================================================
[2026-05-28 07:31:24] ==================================================
[2026-05-28 07:31:24] [INICIO] Apagado completo del enjambre solicitado por Telegram
[2026-05-28 07:31:24] [ÉXITO] Paso 1: kill_switch.lock creado correctamente.
[2026-05-28 07:31:24] [ÉXITO] Paso 2: process_watchdog.py aniquilado.
[2026-05-28 07:31:25] [ÉXITO] Paso 3: Todos los daemons Python secundarios aniquilados.
[2026-05-28 07:31:25] [ÉXITO] Paso 4: Proceso n8n (node.exe) aniquilado.
[2026-05-28 07:31:25] [ÉXITO] Paso 5: Contenedores Qdrant y N8N detenidos.
[2026-05-28 07:31:28] [ÉXITO] Paso 6: IDE Antigravity cerrado.
[2026-05-28 07:31:28] [FIN] Proceso de apagado concluido.
[2026-05-28 07:31:28] ==================================================
[2026-05-28 07:31:34] ==================================================
[2026-05-28 07:31:34] [INICIO] Encendido completo del enjambre solicitado por Telegram
[2026-05-28 07:31:34] [ÉXITO] Paso 1: kill_switch.lock eliminado correctamente.
[2026-05-28 07:31:34] [ÉXITO] Paso 2: start_swarm.bat lanzado con PID 15156.
[2026-05-28 07:31:34] [FIN] Proceso de encendido delegado a start_swarm.bat.
[2026-05-28 07:31:34] ==================================================
[28/05/2026  7:31:34,65] [BATCH] Ejecutando launcher para process_watchdog.py... 
[2026-05-28 07:31:35] [INFO] Lanzando process_watchdog.py vía WMI...
[2026-05-28 07:31:37] [ÉXITO] El daemon process_watchdog.py sobrevivió al arranque WMI.
[28/05/2026  7:31:37,18] [BATCH] Ejecutando launcher para unified_channel_daemon.py... 
[28/05/2026  7:31:37,55] [BATCH] Ejecutando launcher para n8n_bridge_daemon.py... 
[28/05/2026  7:31:37,85] [BATCH] Verificando IDE Antigravity... 
[28/05/2026  7:31:38,53] [BATCH] Levantando IDE Antigravity... 
[2026-05-28 07:32:11] ==================================================
[2026-05-28 07:32:11] [INICIO] Apagado completo del enjambre solicitado por Telegram
[2026-05-28 07:32:11] [ÉXITO] Paso 1: kill_switch.lock creado correctamente.
[2026-05-28 07:32:11] [ÉXITO] Paso 2: process_watchdog.py aniquilado.
[2026-05-28 07:32:11] [ÉXITO] Paso 3: Todos los daemons Python secundarios aniquilados.
[2026-05-28 07:32:12] [ÉXITO] Paso 4: Proceso n8n (node.exe) aniquilado.
[2026-05-28 07:32:12] [ÉXITO] Paso 5: Contenedores Qdrant y N8N detenidos.
[2026-05-28 07:32:15] [ÉXITO] Paso 6: IDE Antigravity cerrado.
[2026-05-28 07:32:15] [FIN] Proceso de apagado concluido.
[2026-05-28 07:32:15] ==================================================
[2026-05-28 07:49:13] ==================================================
[2026-05-28 07:49:13] [INICIO] Apagado completo del enjambre solicitado por Telegram
[2026-05-28 07:49:13] [ÉXITO] Paso 1: kill_switch.lock creado correctamente.
[2026-05-28 07:49:14] [ÉXITO] Paso 2: process_watchdog.py aniquilado.
[2026-05-28 07:49:14] [ÉXITO] Paso 3: Todos los daemons Python secundarios aniquilados.
[2026-05-28 07:49:14] [ÉXITO] Paso 4: Proceso n8n (node.exe) aniquilado.
[2026-05-28 07:49:14] [ÉXITO] Paso 5: Contenedores Qdrant y N8N detenidos.
[2026-05-28 07:49:17] [ÉXITO] Paso 6: IDE Antigravity cerrado.
[2026-05-28 07:49:17] [FIN] Proceso de apagado concluido.
[2026-05-28 07:49:17] ==================================================
[2026-05-28 07:49:27] ==================================================
[2026-05-28 07:49:27] [INICIO] Encendido completo del enjambre solicitado por Telegram
[2026-05-28 07:49:27] [ÉXITO] Paso 1: kill_switch.lock eliminado correctamente.
[2026-05-28 07:49:27] [ÉXITO] Paso 2: start_swarm.bat lanzado con PID 14492.
[2026-05-28 07:49:27] [FIN] Proceso de encendido delegado a start_swarm.bat.
[2026-05-28 07:49:27] ==================================================
[28/05/2026  7:49:27,04] [BATCH] Ejecutando launcher para process_watchdog.py... 
[2026-05-28 07:49:27] [INFO] Lanzando process_watchdog.py vía WMI...
[2026-05-28 07:49:29] [ÉXITO] El daemon process_watchdog.py sobrevivió al arranque WMI.
[28/05/2026  7:49:29,54] [BATCH] Ejecutando launcher para unified_channel_daemon.py... 
[28/05/2026  7:49:29,81] [BATCH] Ejecutando launcher para n8n_bridge_daemon.py... 
[28/05/2026  7:49:30,17] [BATCH] Verificando IDE Antigravity... 
[28/05/2026  7:49:30,83] [BATCH] Levantando IDE Antigravity... 
[2026-05-28 07:57:54] ==================================================
[2026-05-28 07:57:54] [INICIO] Apagado completo del enjambre solicitado por Telegram
[2026-05-28 07:57:54] [ÉXITO] Paso 1: kill_switch.lock creado correctamente.
[2026-05-28 07:57:54] [ÉXITO] Paso 2: process_watchdog.py aniquilado.
[2026-05-28 07:57:55] [ÉXITO] Paso 3: Todos los daemons Python secundarios aniquilados.
[2026-05-28 07:57:55] [ÉXITO] Paso 4: Proceso n8n (node.exe) aniquilado.
[2026-05-28 07:57:55] [ÉXITO] Paso 5: Contenedores Qdrant y N8N detenidos.
[2026-05-28 07:57:59] [ÉXITO] Paso 6: IDE Antigravity cerrado.
[2026-05-28 07:57:59] [FIN] Proceso de apagado concluido.
[2026-05-28 07:57:59] ==================================================
[2026-05-28 08:00:54] ==================================================
[2026-05-28 08:00:54] [INICIO] Encendido completo del enjambre solicitado por Telegram
[2026-05-28 08:00:54] [ÉXITO] Paso 1: kill_switch.lock eliminado correctamente.
[2026-05-28 08:00:54] [ÉXITO] Paso 2: start_swarm.bat lanzado con PID 20456.
[2026-05-28 08:00:54] [FIN] Proceso de encendido delegado a start_swarm.bat.
[2026-05-28 08:00:54] ==================================================
[28/05/2026  8:00:54,97] [BATCH] Ejecutando launcher para process_watchdog.py... 
[2026-05-28 08:00:55] [INFO] Lanzando process_watchdog.py vía WMI...
[2026-05-28 08:00:57] [ÉXITO] El daemon process_watchdog.py sobrevivió al arranque WMI.
[28/05/2026  8:00:57,48] [BATCH] Ejecutando launcher para unified_channel_daemon.py... 
[28/05/2026  8:00:57,80] [BATCH] Ejecutando launcher para n8n_bridge_daemon.py... 
[28/05/2026  8:00:58,10] [BATCH] Levantando IDEs Antigravity (Doble Instancia)... 
[2026-05-28 08:09:23] ==================================================
[2026-05-28 08:09:23] [INICIO] Apagado completo del enjambre solicitado por Telegram
[2026-05-28 08:09:23] [ÉXITO] Paso 1: kill_switch.lock creado correctamente.
[2026-05-28 08:09:23] [ÉXITO] Paso 2: process_watchdog.py aniquilado.
[2026-05-28 08:09:24] [ÉXITO] Paso 3: Todos los daemons Python secundarios aniquilados.
[2026-05-28 08:09:24] [ÉXITO] Paso 4: Proceso n8n (node.exe) aniquilado.
[2026-05-28 08:09:24] [ÉXITO] Paso 5: Contenedores Qdrant y N8N detenidos.
[2026-05-28 08:09:27] [ÉXITO] Paso 6: IDE Antigravity cerrado.
[2026-05-28 08:09:27] [FIN] Proceso de apagado concluido.
[2026-05-28 08:09:27] ==================================================
[2026-05-28 08:09:35] ==================================================
[2026-05-28 08:09:35] [INICIO] Encendido completo del enjambre solicitado por Telegram
[2026-05-28 08:09:35] [ÉXITO] Paso 1: kill_switch.lock eliminado correctamente.
[2026-05-28 08:09:35] [ÉXITO] Paso 2: start_swarm.bat lanzado con PID 16760.
[2026-05-28 08:09:35] [FIN] Proceso de encendido delegado a start_swarm.bat.
[2026-05-28 08:09:35] ==================================================
[28/05/2026  8:09:35,75] [BATCH] Ejecutando launcher para process_watchdog.py... 
[2026-05-28 08:09:35] [INFO] Lanzando process_watchdog.py vía WMI...
[2026-05-28 08:09:37] [ÉXITO] El daemon process_watchdog.py sobrevivió al arranque WMI.
[28/05/2026  8:09:37,87] [BATCH] Ejecutando launcher para unified_channel_daemon.py... 
[28/05/2026  8:09:37,99] [BATCH] Ejecutando launcher para n8n_bridge_daemon.py... 
[28/05/2026  8:09:38,11] [BATCH] Levantando IDEs Antigravity (Doble Instancia)... 
[2026-05-28 08:20:13] ==================================================
[2026-05-28 08:20:13] [INICIO] Apagado completo del enjambre solicitado por Telegram
[2026-05-28 08:20:13] [ÉXITO] Paso 1: kill_switch.lock creado correctamente.
[2026-05-28 08:20:14] [ÉXITO] Paso 2: process_watchdog.py aniquilado.
[2026-05-28 08:20:14] [ÉXITO] Paso 3: Todos los daemons Python secundarios aniquilados.
[2026-05-28 08:20:14] [ÉXITO] Paso 4: Proceso n8n (node.exe) aniquilado.
[2026-05-28 08:20:15] [ÉXITO] Paso 5: Contenedores Qdrant y N8N detenidos.
[2026-05-28 08:20:18] [ÉXITO] Paso 6: IDE Antigravity cerrado.
[2026-05-28 08:20:18] [FIN] Proceso de apagado concluido.
[2026-05-28 08:20:18] ==================================================
[2026-05-28 08:20:23] ==================================================
[2026-05-28 08:20:23] [INICIO] Encendido completo del enjambre solicitado por Telegram
[2026-05-28 08:20:23] [ÉXITO] Paso 1: kill_switch.lock eliminado correctamente.
[2026-05-28 08:20:23] [ÉXITO] Paso 2: start_swarm.bat lanzado con PID 18228.
[2026-05-28 08:20:23] [FIN] Proceso de encendido delegado a start_swarm.bat.
[2026-05-28 08:20:23] ==================================================
[28/05/2026  8:20:23,50] [BATCH] Ejecutando launcher para process_watchdog.py... 
[2026-05-28 08:20:23] [INFO] Lanzando process_watchdog.py vía WMI...
[2026-05-28 08:20:25] [ÉXITO] El daemon process_watchdog.py sobrevivió al arranque WMI.
[28/05/2026  8:20:25,61] [BATCH] Ejecutando launcher para unified_channel_daemon.py... 
[28/05/2026  8:20:25,75] [BATCH] Ejecutando launcher para n8n_bridge_daemon.py... 
[28/05/2026  8:20:25,85] [BATCH] Levantando IDEs Antigravity (Doble Instancia)... 
[2026-05-28 08:25:00] ==================================================
[2026-05-28 08:25:00] [INICIO] Apagado completo del enjambre solicitado por Telegram
[2026-05-28 08:25:00] [ÉXITO] Paso 1: kill_switch.lock creado correctamente.
[2026-05-28 08:25:00] [ÉXITO] Paso 2: process_watchdog.py aniquilado.
[2026-05-28 08:25:01] [ÉXITO] Paso 3: Todos los daemons Python secundarios aniquilados.
[2026-05-28 08:25:01] [ÉXITO] Paso 4: Proceso n8n (node.exe) aniquilado.
[2026-05-28 08:25:01] [ÉXITO] Paso 5: Contenedores Qdrant y N8N detenidos.
[2026-05-28 08:25:04] [ÉXITO] Paso 6: IDE Antigravity cerrado.
[2026-05-28 08:25:04] [FIN] Proceso de apagado concluido.
[2026-05-28 08:25:04] ==================================================
[2026-05-28 08:25:22] ==================================================
[2026-05-28 08:25:22] [INICIO] Encendido completo del enjambre solicitado por Telegram
[2026-05-28 08:25:22] [ÉXITO] Paso 1: kill_switch.lock eliminado correctamente.
[2026-05-28 08:25:22] [ÉXITO] Paso 2: start_swarm.bat lanzado con PID 29644.
[2026-05-28 08:25:22] [FIN] Proceso de encendido delegado a start_swarm.bat.
[2026-05-28 08:25:22] ==================================================
[28/05/2026  8:25:22,80] [BATCH] Ejecutando launcher para process_watchdog.py... 
[2026-05-28 08:25:22] [INFO] Lanzando process_watchdog.py vía WMI...
[2026-05-28 08:25:24] [ÉXITO] El daemon process_watchdog.py sobrevivió al arranque WMI.
[28/05/2026  8:25:24,89] [BATCH] Ejecutando launcher para unified_channel_daemon.py... 
[28/05/2026  8:25:24,98] [BATCH] Ejecutando launcher para n8n_bridge_daemon.py... 
[28/05/2026  8:25:25,06] [BATCH] Levantando IDEs Antigravity (Doble Instancia)... 
[2026-05-28 08:31:21] ==================================================
[2026-05-28 08:31:21] [INICIO] Apagado completo del enjambre solicitado por Telegram
[2026-05-28 08:31:21] [ÉXITO] Paso 1: kill_switch.lock creado correctamente.
[2026-05-28 08:31:21] [ÉXITO] Paso 2: process_watchdog.py aniquilado.
[2026-05-28 08:31:21] [ÉXITO] Paso 3: Todos los daemons Python secundarios aniquilados.
[2026-05-28 08:31:22] [ÉXITO] Paso 4: Proceso n8n (node.exe) aniquilado.
[2026-05-28 08:31:22] [ÉXITO] Paso 5: Contenedores Qdrant y N8N detenidos.
[2026-05-28 08:31:25] [ÉXITO] Paso 6: IDE Antigravity cerrado.
[2026-05-28 08:31:25] [FIN] Proceso de apagado concluido.
[2026-05-28 08:31:25] ==================================================
[2026-05-28 08:31:35] ==================================================
[2026-05-28 08:31:35] [INICIO] Encendido completo del enjambre solicitado por Telegram
[2026-05-28 08:31:35] [ÉXITO] Paso 1: kill_switch.lock eliminado correctamente.
[2026-05-28 08:31:35] [ÉXITO] Paso 2: start_swarm.bat lanzado con PID 36528.
[2026-05-28 08:31:35] [FIN] Proceso de encendido delegado a start_swarm.bat.
[2026-05-28 08:31:35] ==================================================
[28/05/2026  8:31:35,60] [BATCH] Ejecutando launcher para process_watchdog.py... 
[2026-05-28 08:31:35] [INFO] Lanzando process_watchdog.py vía WMI...
[2026-05-28 08:31:37] [ÉXITO] El daemon process_watchdog.py sobrevivió al arranque WMI.
[28/05/2026  8:31:37,71] [BATCH] Ejecutando launcher para unified_channel_daemon.py... 
[28/05/2026  8:31:37,79] [BATCH] Ejecutando launcher para n8n_bridge_daemon.py... 
[28/05/2026  8:31:37,89] [BATCH] Levantando IDEs Antigravity (Doble Instancia)... 
[2026-05-29 22:15:26] ==================================================
[2026-05-29 22:15:26] [INICIO] Apagado solicitado por Telegram (vía charm_telegram.py)
[2026-05-29 22:15:26] [ÉXITO] Paso 1: kill_switch.lock creado.
[2026-05-29 22:15:27] [ÉXITO] Paso 2: process_watchdog.py aniquilado.
[2026-05-29 22:15:27] [ÉXITO] Paso 3: Todos los daemons Python secundarios aniquilados.
[2026-05-29 22:15:27] [ÉXITO] Paso 4: Proceso n8n (node.exe) aniquilado.
[2026-05-29 22:15:28] [ÉXITO] Paso 5: Contenedores Qdrant y N8N detenidos.
[2026-05-29 22:15:31] [ÉXITO] Paso 6: IDE Charm cerrado.
[2026-05-29 22:15:31] [FIN] Proceso de apagado concluido.
[2026-05-29 22:15:31] ==================================================
[2026-05-29 22:28:21] ==================================================
[2026-05-29 22:28:21] [INICIO] Encendido completo del enjambre solicitado por Telegram
[2026-05-29 22:28:21] [ÉXITO] Paso 1: kill_switch.lock eliminado correctamente.
[2026-05-29 22:28:21] [ÉXITO] Paso 2: start_swarm.bat lanzado con PID 19636.
[2026-05-29 22:28:21] [FIN] Proceso de encendido delegado a start_swarm.bat.
[2026-05-29 22:28:21] ==================================================
[29/05/2026 22:28:21,83] [BATCH] Ejecutando launcher para process_watchdog.py... 
[29/05/2026 22:28:21,92] [BATCH] Ejecutando launcher para unified_channel_daemon.py... 
[29/05/2026 22:28:22,01] [BATCH] Ejecutando launcher para n8n_bridge_daemon.py... 
[29/05/2026 22:28:22,12] [BATCH] Levantando IDEs Charm (Doble Instancia)... 
[30/05/2026  0:39:02,01] [BATCH] Ejecutando launcher para process_watchdog.py... 
[2026-05-30 00:39:02] [INFO] Lanzando process_watchdog.py vía WMI...
[2026-05-30 00:39:04] [ÉXITO] El daemon process_watchdog.py sobrevivió al arranque WMI.
[30/05/2026  0:39:04,22] [BATCH] Ejecutando launcher para unified_channel_daemon.py... 
[30/05/2026  0:39:04,49] [BATCH] Ejecutando launcher para n8n_bridge_daemon.py... 
[30/05/2026  0:39:04,67] [BATCH] Levantando IDE Antigravity... 
[2026-05-30 00:44:34] ==================================================
[2026-05-30 00:44:34] [INICIO] Apagado completo del enjambre solicitado por Telegram
[2026-05-30 00:44:34] [ÉXITO] Paso 1: kill_switch.lock creado correctamente.
[2026-05-30 00:44:35] [ÉXITO] Paso 2: process_watchdog.py aniquilado.
[2026-05-30 00:44:35] [ÉXITO] Paso 3: Todos los daemons Python secundarios aniquilados.
[2026-05-30 00:44:35] [ÉXITO] Paso 4: Proceso n8n (node.exe) aniquilado.
[2026-05-30 00:44:36] [ÉXITO] Paso 5: Contenedores Qdrant y N8N detenidos.
[2026-05-30 00:44:39] [ÉXITO] Paso 6: IDE Antigravity cerrado.
[2026-05-30 00:44:39] [FIN] Proceso de apagado concluido.
[2026-05-30 00:44:39] ==================================================
[2026-05-30 00:44:44] ==================================================
[2026-05-30 00:44:44] [INICIO] Encendido completo del enjambre solicitado por Telegram
[2026-05-30 00:44:44] [ÉXITO] Paso 1: kill_switch.lock eliminado correctamente.
[2026-05-30 00:44:44] [ÉXITO] Paso 2: start_swarm.bat lanzado con PID 26132.
[2026-05-30 00:44:44] [FIN] Proceso de encendido delegado a start_swarm.bat.
[2026-05-30 00:44:44] ==================================================
[30/05/2026  0:45:04,09] [BATCH] Ejecutando launcher para process_watchdog.py... 
[2026-05-30 00:45:04] [INFO] Lanzando process_watchdog.py vía WMI...
[2026-05-30 00:45:06] [ÉXITO] El daemon process_watchdog.py sobrevivió al arranque WMI.
[30/05/2026  0:45:06,22] [BATCH] Ejecutando launcher para unified_channel_daemon.py... 
[30/05/2026  0:45:06,35] [BATCH] Ejecutando launcher para n8n_bridge_daemon.py... 
[30/05/2026  0:45:06,46] [BATCH] Levantando IDE Antigravity... 
[30/05/2026  0:48:39,26] [BATCH] Ejecutando launcher para process_watchdog.py... 
[30/05/2026  0:48:39,33] [BATCH] Ejecutando launcher para unified_channel_daemon.py... 
[30/05/2026  0:48:39,39] [BATCH] Ejecutando launcher para n8n_bridge_daemon.py... 
[30/05/2026  0:48:39,46] [BATCH] Levantando IDE Antigravity... 
[30/05/2026  0:49:59,17] [BATCH] Ejecutando launcher para process_watchdog.py... 
[30/05/2026  0:49:59,24] [BATCH] Ejecutando launcher para unified_channel_daemon.py... 
[30/05/2026  0:49:59,30] [BATCH] Ejecutando launcher para n8n_bridge_daemon.py... 
[30/05/2026  0:49:59,37] [BATCH] Levantando IDE Antigravity... 
[2026-05-30 01:01:07] ==================================================
[2026-05-30 01:01:07] [INICIO] Apagado completo del enjambre solicitado por Telegram
[2026-05-30 01:01:07] [ÉXITO] Paso 1: kill_switch.lock creado correctamente.
[2026-05-30 01:01:07] [ÉXITO] Paso 2: process_watchdog.py aniquilado.
[2026-05-30 01:01:07] [ÉXITO] Paso 3: Todos los daemons Python secundarios aniquilados.
[2026-05-30 01:01:08] [ÉXITO] Paso 4: Proceso n8n (node.exe) aniquilado.
[2026-05-30 01:01:08] [ÉXITO] Paso 5: Contenedores Qdrant y N8N detenidos.
[2026-05-30 01:01:11] [ÉXITO] Paso 6: IDE Antigravity cerrado.
[2026-05-30 01:01:11] [FIN] Proceso de apagado concluido.
[2026-05-30 01:01:11] ==================================================
[2026-05-30 01:01:15] ==================================================
[2026-05-30 01:01:15] [INICIO] Encendido completo del enjambre solicitado por Telegram
[2026-05-30 01:01:15] [ÉXITO] Paso 1: kill_switch.lock eliminado correctamente.
[2026-05-30 01:01:15] [ÉXITO] Paso 2: start_swarm.bat lanzado con PID 20292.
[2026-05-30 01:01:15] [FIN] Proceso de encendido delegado a start_swarm.bat.
[2026-05-30 01:01:15] ==================================================
[30/05/2026  1:01:29,70] [BATCH] Ejecutando launcher para process_watchdog.py... 
[2026-05-30 01:01:29] [INFO] Lanzando process_watchdog.py vía WMI...
[30/05/2026  1:01:30,61] [BATCH] Ejecutando launcher para process_watchdog.py... 
[30/05/2026  1:01:30,69] [BATCH] Ejecutando launcher para unified_channel_daemon.py... 
[30/05/2026  1:01:30,78] [BATCH] Ejecutando launcher para n8n_bridge_daemon.py... 
[30/05/2026  1:01:30,85] [BATCH] Levantando IDE Antigravity... 
[2026-05-30 01:01:31] [ÉXITO] El daemon process_watchdog.py sobrevivió al arranque WMI.
[30/05/2026  1:01:31,82] [BATCH] Ejecutando launcher para unified_channel_daemon.py... 
[30/05/2026  1:01:31,94] [BATCH] Ejecutando launcher para n8n_bridge_daemon.py... 
[30/05/2026  1:01:32,02] [BATCH] Levantando IDE Antigravity... 
[30/05/2026  1:01:41,87] [BATCH] Ejecutando launcher para process_watchdog.py... 
[30/05/2026  1:01:41,93] [BATCH] Ejecutando launcher para unified_channel_daemon.py... 
[30/05/2026  1:01:42,01] [BATCH] Ejecutando launcher para n8n_bridge_daemon.py... 
[30/05/2026  1:01:42,06] [BATCH] Levantando IDE Antigravity... 
[30/05/2026  1:03:58,28] [BATCH] Ejecutando launcher para process_watchdog.py... 
[30/05/2026  1:03:58,35] [BATCH] Ejecutando launcher para unified_channel_daemon.py... 
[30/05/2026  1:03:58,42] [BATCH] Ejecutando launcher para n8n_bridge_daemon.py... 
[30/05/2026  1:03:58,48] [BATCH] Levantando IDE Antigravity... 
[30/05/2026  1:03:58,56] [BATCH] Antigravity ya estaba corriendo. Omitiendo apertura de ventanas... 
[2026-05-30 01:05:12] ==================================================
[2026-05-30 01:05:12] [INICIO] Apagado completo del enjambre solicitado por Telegram
[2026-05-30 01:05:12] [ÉXITO] Paso 1: kill_switch.lock creado correctamente.
[2026-05-30 01:05:13] [ÉXITO] Paso 2: process_watchdog.py aniquilado.
[2026-05-30 01:05:13] [ÉXITO] Paso 3: Todos los daemons Python secundarios aniquilados.
[2026-05-30 01:05:14] [ÉXITO] Paso 4: Proceso n8n (node.exe) aniquilado.
[2026-05-30 01:05:14] [ÉXITO] Paso 5: Contenedores Qdrant y N8N detenidos.
[2026-05-30 01:05:17] [ÉXITO] Paso 6: IDE Antigravity cerrado.
[2026-05-30 01:05:17] [FIN] Proceso de apagado concluido.
[2026-05-30 01:05:17] ==================================================
[2026-05-30 01:05:20] ==================================================
[2026-05-30 01:05:20] [INICIO] Encendido completo del enjambre solicitado por Telegram
[2026-05-30 01:05:20] [ÉXITO] Paso 1: kill_switch.lock eliminado correctamente.
[2026-05-30 01:05:20] [ÉXITO] Paso 2: start_swarm.bat lanzado con PID 18720.
[2026-05-30 01:05:20] [FIN] Proceso de encendido delegado a start_swarm.bat.
[2026-05-30 01:05:20] ==================================================
[30/05/2026  1:05:50,62] [BATCH] Ejecutando launcher para process_watchdog.py... 
[2026-05-30 01:05:50] [INFO] Lanzando process_watchdog.py vía WMI...
[30/05/2026  1:05:51,55] [BATCH] Ejecutando launcher para process_watchdog.py... 
[30/05/2026  1:05:51,66] [BATCH] Ejecutando launcher para unified_channel_daemon.py... 
[30/05/2026  1:05:51,76] [BATCH] Ejecutando launcher para n8n_bridge_daemon.py... 
[30/05/2026  1:05:51,87] [BATCH] Levantando IDE Antigravity... 
[2026-05-30 01:05:52] [ÉXITO] El daemon process_watchdog.py sobrevivió al arranque WMI.
[30/05/2026  1:05:52,75] [BATCH] Ejecutando launcher para unified_channel_daemon.py... 
[30/05/2026  1:05:52,91] [BATCH] Ejecutando launcher para n8n_bridge_daemon.py... 
[30/05/2026  1:05:53,11] [BATCH] Levantando IDE Antigravity... 
[30/05/2026  1:05:53,32] [BATCH] Antigravity ya estaba corriendo. Omitiendo apertura de ventanas... 
[2026-05-30 01:14:54] ==================================================
[2026-05-30 01:14:54] [INICIO] Apagado completo del enjambre solicitado por Telegram
[2026-05-30 01:14:54] [ÉXITO] Paso 1: kill_switch.lock creado correctamente.
[2026-05-30 01:14:54] [ÉXITO] Paso 2: process_watchdog.py aniquilado.
[2026-05-30 01:14:55] [ÉXITO] Paso 3: Todos los daemons Python secundarios aniquilados.
[2026-05-30 01:14:55] [ÉXITO] Paso 4: Proceso n8n (node.exe) aniquilado.
[2026-05-30 01:14:56] [ÉXITO] Paso 5: Contenedores Qdrant y N8N detenidos.
[2026-05-30 01:14:59] [ÉXITO] Paso 6: IDE Antigravity cerrado.
[2026-05-30 01:14:59] [FIN] Proceso de apagado concluido.
[2026-05-30 01:14:59] ==================================================
[2026-05-30 01:15:02] ==================================================
[2026-05-30 01:15:02] [INICIO] Encendido completo del enjambre solicitado por Telegram
[2026-05-30 01:15:02] [ÉXITO] Paso 1: kill_switch.lock eliminado correctamente.
[2026-05-30 01:15:02] [ÉXITO] Paso 2: start_swarm.bat lanzado con PID 1944.
[2026-05-30 01:15:02] [FIN] Proceso de encendido delegado a start_swarm.bat.
[2026-05-30 01:15:02] ==================================================
[30/05/2026  1:15:30,78] [BATCH] Ejecutando launcher para process_watchdog.py... 
[2026-05-30 01:15:30] [INFO] Lanzando process_watchdog.py vía WMI...
[30/05/2026  1:15:31,65] [BATCH] Ejecutando launcher para process_watchdog.py... 
[30/05/2026  1:15:31,73] [BATCH] Ejecutando launcher para unified_channel_daemon.py... 
[30/05/2026  1:15:31,82] [BATCH] Ejecutando launcher para n8n_bridge_daemon.py... 
[30/05/2026  1:15:31,90] [BATCH] Levantando IDE Antigravity... 
[2026-05-30 01:15:32] [ÉXITO] El daemon process_watchdog.py sobrevivió al arranque WMI.
[30/05/2026  1:15:32,92] [BATCH] Ejecutando launcher para unified_channel_daemon.py... 
[30/05/2026  1:15:33,11] [BATCH] Ejecutando launcher para n8n_bridge_daemon.py... 
[30/05/2026  1:15:33,24] [BATCH] Levantando IDE Antigravity... 
[30/05/2026  1:15:33,44] [BATCH] Antigravity ya estaba corriendo. Omitiendo apertura de ventanas... 
[30/05/2026  1:18:07,00] [BATCH] Ejecutando launcher para process_watchdog.py... 
[30/05/2026  1:18:07,07] [BATCH] Ejecutando launcher para unified_channel_daemon.py... 
[30/05/2026  1:18:07,13] [BATCH] Ejecutando launcher para n8n_bridge_daemon.py... 
[30/05/2026  1:18:07,21] [BATCH] Levantando IDE Antigravity... 
[30/05/2026  1:18:07,28] [BATCH] Antigravity ya estaba corriendo. Omitiendo apertura de ventanas... 
[30/05/2026  1:21:01,24] [BATCH] Ejecutando launcher para process_watchdog.py... 
[30/05/2026  1:21:01,31] [BATCH] Ejecutando launcher para unified_channel_daemon.py... 
[30/05/2026  1:21:01,38] [BATCH] Ejecutando launcher para n8n_bridge_daemon.py... 
[30/05/2026  1:21:01,45] [BATCH] Levantando IDEs Antigravity (Doble Instancia)... 
[2026-05-30 01:21:57] ==================================================
[2026-05-30 01:21:57] [INICIO] Apagado completo del enjambre solicitado por Telegram
[2026-05-30 01:21:57] [ÉXITO] Paso 1: kill_switch.lock creado correctamente.
[2026-05-30 01:21:57] [ÉXITO] Paso 2: process_watchdog.py aniquilado.
[2026-05-30 01:21:58] [ÉXITO] Paso 3: Todos los daemons Python secundarios aniquilados.
[2026-05-30 01:21:58] [ÉXITO] Paso 4: Proceso n8n (node.exe) aniquilado.
[2026-05-30 01:21:58] [ÉXITO] Paso 5: Contenedores Qdrant y N8N detenidos.
[2026-05-30 01:22:02] [ÉXITO] Paso 6: IDE Antigravity cerrado.
[2026-05-30 01:22:02] [FIN] Proceso de apagado concluido.
[2026-05-30 01:22:02] ==================================================
[2026-05-30 01:22:04] ==================================================
[2026-05-30 01:22:04] [INICIO] Encendido completo del enjambre solicitado por Telegram
[2026-05-30 01:22:04] [ÉXITO] Paso 1: kill_switch.lock eliminado correctamente.
[2026-05-30 01:22:04] [ÉXITO] Paso 2: start_swarm.bat lanzado con PID 27472.
[2026-05-30 01:22:04] [FIN] Proceso de encendido delegado a start_swarm.bat.
[2026-05-30 01:22:04] ==================================================
[30/05/2026  1:22:20,92] [BATCH] Ejecutando launcher para process_watchdog.py... 
[2026-05-30 01:22:20] [INFO] Lanzando process_watchdog.py vía WMI...
[30/05/2026  1:22:21,78] [BATCH] Ejecutando launcher para process_watchdog.py... 
[30/05/2026  1:22:21,86] [BATCH] Ejecutando launcher para unified_channel_daemon.py... 
[30/05/2026  1:22:21,95] [BATCH] Ejecutando launcher para n8n_bridge_daemon.py... 
[30/05/2026  1:22:22,02] [BATCH] Levantando IDEs Antigravity (Doble Instancia)... 
[2026-05-30 01:22:23] [ÉXITO] El daemon process_watchdog.py sobrevivió al arranque WMI.
[30/05/2026  1:22:23,05] [BATCH] Ejecutando launcher para unified_channel_daemon.py... 
[30/05/2026  1:22:23,18] [BATCH] Ejecutando launcher para n8n_bridge_daemon.py... 
[30/05/2026  1:22:23,29] [BATCH] Levantando IDEs Antigravity (Doble Instancia)... 
[2026-05-30 01:27:45] ==================================================
[2026-05-30 01:27:45] [INICIO] Apagado completo del enjambre solicitado por Telegram
[2026-05-30 01:27:45] [ÉXITO] Paso 1: kill_switch.lock creado correctamente.
[2026-05-30 01:27:46] [ÉXITO] Paso 2: process_watchdog.py aniquilado.
[2026-05-30 01:27:46] [ÉXITO] Paso 3: Todos los daemons Python secundarios aniquilados.
[2026-05-30 01:27:46] [ÉXITO] Paso 4: Proceso n8n (node.exe) aniquilado.
[2026-05-30 01:27:47] [ÉXITO] Paso 5: Contenedores Qdrant y N8N detenidos.
[2026-05-30 01:27:50] [ÉXITO] Paso 6: IDE Antigravity cerrado.
[2026-05-30 01:27:50] [FIN] Proceso de apagado concluido.
[2026-05-30 01:27:50] ==================================================
[2026-05-30 01:27:53] ==================================================
[2026-05-30 01:27:53] [INICIO] Encendido completo del enjambre solicitado por Telegram
[2026-05-30 01:27:53] [ÉXITO] Paso 1: kill_switch.lock eliminado correctamente.
[2026-05-30 01:27:53] [ÉXITO] Paso 2: start_swarm.bat lanzado con PID 19916.
[2026-05-30 01:27:53] [FIN] Proceso de encendido delegado a start_swarm.bat.
[2026-05-30 01:27:53] ==================================================
[30/05/2026  1:28:31,27] [BATCH] Ejecutando launcher para process_watchdog.py... 
[2026-05-30 01:28:31] [INFO] Lanzando process_watchdog.py vía WMI...
[2026-05-30 01:28:33] [ÉXITO] El daemon process_watchdog.py sobrevivió al arranque WMI.
[30/05/2026  1:28:33,37] [BATCH] Ejecutando launcher para unified_channel_daemon.py... 
[30/05/2026  1:28:33,48] [BATCH] Ejecutando launcher para n8n_bridge_daemon.py... 
[30/05/2026  1:28:33,58] [BATCH] Levantando IDEs Antigravity (Doble Instancia)... 
[2026-05-30 01:30:38] ==================================================
[2026-05-30 01:30:38] [INICIO] Apagado completo del enjambre solicitado por Telegram
[2026-05-30 01:30:38] [ÉXITO] Paso 1: kill_switch.lock creado correctamente.
[2026-05-30 01:30:38] [ÉXITO] Paso 2: process_watchdog.py aniquilado.
[2026-05-30 01:30:38] [ÉXITO] Paso 3: Todos los daemons Python secundarios aniquilados.
[2026-05-30 01:30:39] [ÉXITO] Paso 4: Proceso n8n (node.exe) aniquilado.
[2026-05-30 01:30:39] [ÉXITO] Paso 5: Contenedores Qdrant y N8N detenidos.
[2026-05-30 01:30:42] [ÉXITO] Paso 6: IDE Antigravity cerrado.
[2026-05-30 01:30:42] [FIN] Proceso de apagado concluido.
[2026-05-30 01:30:42] ==================================================
[2026-05-30 01:30:45] ==================================================
[2026-05-30 01:30:45] [INICIO] Encendido completo del enjambre solicitado por Telegram
[2026-05-30 01:30:45] [ÉXITO] Paso 1: kill_switch.lock eliminado correctamente.
[2026-05-30 01:30:45] [ÉXITO] Paso 2: start_swarm.bat lanzado con PID 37352.
[2026-05-30 01:30:45] [FIN] Proceso de encendido delegado a start_swarm.bat.
[2026-05-30 01:30:45] ==================================================
[30/05/2026  1:30:57,67] [BATCH] Ejecutando launcher para process_watchdog.py... 
[2026-05-30 01:30:57] [INFO] Lanzando process_watchdog.py vía WMI...
[30/05/2026  1:30:58,49] [BATCH] Ejecutando launcher para process_watchdog.py... 
[30/05/2026  1:30:58,58] [BATCH] Ejecutando launcher para unified_channel_daemon.py... 
[30/05/2026  1:30:58,68] [BATCH] Ejecutando launcher para n8n_bridge_daemon.py... 
[30/05/2026  1:30:58,78] [BATCH] Levantando IDEs Antigravity (Doble Instancia)... 
[2026-05-30 01:30:59] [ÉXITO] El daemon process_watchdog.py sobrevivió al arranque WMI.
[30/05/2026  1:30:59,78] [BATCH] Ejecutando launcher para unified_channel_daemon.py... 
[30/05/2026  1:30:59,90] [BATCH] Ejecutando launcher para n8n_bridge_daemon.py... 
[30/05/2026  1:30:59,99] [BATCH] Levantando IDEs Antigravity (Doble Instancia)... 
[2026-05-30 01:34:27] ==================================================
[2026-05-30 01:34:27] [INICIO] Apagado completo del enjambre solicitado por Telegram
[2026-05-30 01:34:27] [ÉXITO] Paso 1: kill_switch.lock creado correctamente.
[2026-05-30 01:34:27] [ÉXITO] Paso 2: process_watchdog.py aniquilado.
[2026-05-30 01:34:28] [ÉXITO] Paso 3: Todos los daemons Python secundarios aniquilados.
[2026-05-30 01:34:28] [ÉXITO] Paso 4: Proceso n8n (node.exe) aniquilado.
[2026-05-30 01:34:28] [ÉXITO] Paso 5: Contenedores Qdrant y N8N detenidos.
[2026-05-30 01:34:31] [ÉXITO] Paso 6: IDE Antigravity cerrado.
[2026-05-30 01:34:31] [FIN] Proceso de apagado concluido.
[2026-05-30 01:34:31] ==================================================
[2026-05-30 01:34:35] ==================================================
[2026-05-30 01:34:35] [INICIO] Encendido completo del enjambre solicitado por Telegram
[2026-05-30 01:34:35] [ÉXITO] Paso 1: kill_switch.lock eliminado correctamente.
[2026-05-30 01:34:35] [ÉXITO] Paso 2: start_swarm.bat lanzado con PID 13636.
[2026-05-30 01:34:35] [FIN] Proceso de encendido delegado a start_swarm.bat.
[2026-05-30 01:34:35] ==================================================
[30/05/2026  1:34:48,90] [BATCH] Ejecutando launcher para process_watchdog.py... 
[2026-05-30 01:34:48] [INFO] Lanzando process_watchdog.py vía WMI...
[30/05/2026  1:34:49,78] [BATCH] Ejecutando launcher para process_watchdog.py... 
[30/05/2026  1:34:49,89] [BATCH] Ejecutando launcher para unified_channel_daemon.py... 
[30/05/2026  1:34:49,99] [BATCH] Ejecutando launcher para n8n_bridge_daemon.py... 
[30/05/2026  1:34:50,09] [BATCH] Levantando IDEs Antigravity (Doble Instancia)... 
[2026-05-30 01:34:51] [ÉXITO] El daemon process_watchdog.py sobrevivió al arranque WMI.
[30/05/2026  1:34:51,03] [BATCH] Ejecutando launcher para unified_channel_daemon.py... 
[30/05/2026  1:34:51,17] [BATCH] Ejecutando launcher para n8n_bridge_daemon.py... 
[30/05/2026  1:34:51,28] [BATCH] Levantando IDEs Antigravity (Doble Instancia)... 
[2026-05-30 01:37:17] ==================================================
[2026-05-30 01:37:17] [INICIO] Apagado completo del enjambre solicitado por Telegram
[2026-05-30 01:37:17] [ÉXITO] Paso 1: kill_switch.lock creado correctamente.
[2026-05-30 01:37:18] [ÉXITO] Paso 2: process_watchdog.py aniquilado.
[2026-05-30 01:37:18] [ÉXITO] Paso 3: Todos los daemons Python secundarios aniquilados.
[2026-05-30 01:37:18] [ÉXITO] Paso 4: Proceso n8n (node.exe) aniquilado.
[2026-05-30 01:37:19] [ÉXITO] Paso 5: Contenedores Qdrant y N8N detenidos.
[2026-05-30 01:37:22] [ÉXITO] Paso 6: IDE Antigravity cerrado.
[2026-05-30 01:37:22] [FIN] Proceso de apagado concluido.
[2026-05-30 01:37:22] ==================================================
[2026-05-30 01:37:27] ==================================================
[2026-05-30 01:37:27] [INICIO] Encendido completo del enjambre solicitado por Telegram
[2026-05-30 01:37:27] [ÉXITO] Paso 1: kill_switch.lock eliminado correctamente.
[2026-05-30 01:37:27] [ÉXITO] Paso 2: start_swarm.bat lanzado con PID 24612.
[2026-05-30 01:37:27] [FIN] Proceso de encendido delegado a start_swarm.bat.
[2026-05-30 01:37:27] ==================================================
[2026-05-30 01:37:40] ==================================================
[2026-05-30 01:37:40] [INICIO] Encendido completo del enjambre solicitado por Telegram
[2026-05-30 01:37:40] [INFO] Paso 1: kill_switch.lock no existía.
[2026-05-30 01:37:40] [ÉXITO] Paso 2: start_swarm.bat lanzado con PID 4508.
[2026-05-30 01:37:40] [FIN] Proceso de encendido delegado a start_swarm.bat.
[2026-05-30 01:37:40] ==================================================
[30/05/2026  1:37:47,88] [BATCH] Ejecutando launcher para process_watchdog.py... 
[2026-05-30 01:37:47] [INFO] Lanzando process_watchdog.py vía WMI...
[30/05/2026  1:37:49,02] [BATCH] Ejecutando launcher para process_watchdog.py... 
[30/05/2026  1:37:49,11] [BATCH] Ejecutando launcher para unified_channel_daemon.py... 
[30/05/2026  1:37:49,22] [BATCH] Ejecutando launcher para n8n_bridge_daemon.py... 
[30/05/2026  1:37:49,30] [BATCH] Levantando IDEs Antigravity (Doble Instancia)... 
[2026-05-30 01:37:49] [ÉXITO] El daemon process_watchdog.py sobrevivió al arranque WMI.
[30/05/2026  1:37:50,00] [BATCH] Ejecutando launcher para unified_channel_daemon.py... 
[30/05/2026  1:37:50,11] [BATCH] Ejecutando launcher para n8n_bridge_daemon.py... 
[30/05/2026  1:37:50,22] [BATCH] Levantando IDEs Antigravity (Doble Instancia)... 
[2026-05-30 01:42:05] ==================================================
[2026-05-30 01:42:05] [INICIO] Apagado completo del enjambre solicitado por Telegram
[2026-05-30 01:42:05] [ÉXITO] Paso 1: kill_switch.lock creado correctamente.
[2026-05-30 01:42:05] [ÉXITO] Paso 2: process_watchdog.py aniquilado.
[2026-05-30 01:42:05] [ÉXITO] Paso 3: Todos los daemons Python secundarios aniquilados.
[2026-05-30 01:42:06] [ÉXITO] Paso 4: Proceso n8n (node.exe) aniquilado.
[2026-05-30 01:42:06] [ÉXITO] Paso 5: Contenedores Qdrant y N8N detenidos.
[2026-05-30 01:42:09] [ÉXITO] Paso 6: IDE Antigravity cerrado.
[2026-05-30 01:42:09] [FIN] Proceso de apagado concluido.
[2026-05-30 01:42:09] ==================================================
[2026-05-30 01:42:12] ==================================================
[2026-05-30 01:42:12] [INICIO] Encendido completo del enjambre solicitado por Telegram
[2026-05-30 01:42:12] [ÉXITO] Paso 1: kill_switch.lock eliminado correctamente.
[2026-05-30 01:42:12] [ÉXITO] Paso 2: start_swarm.bat lanzado con PID 27396.
[2026-05-30 01:42:12] [FIN] Proceso de encendido delegado a start_swarm.bat.
[2026-05-30 01:42:12] ==================================================
[30/05/2026  1:42:27,00] [BATCH] Ejecutando launcher para process_watchdog.py... 
[2026-05-30 01:42:27] [INFO] Lanzando process_watchdog.py vía WMI...
[30/05/2026  1:42:28,11] [BATCH] Ejecutando launcher para process_watchdog.py... 
[30/05/2026  1:42:28,20] [BATCH] Ejecutando launcher para unified_channel_daemon.py... 
[30/05/2026  1:42:28,30] [BATCH] Ejecutando launcher para n8n_bridge_daemon.py... 
[30/05/2026  1:42:28,39] [BATCH] Levantando IDEs Antigravity (Doble Instancia)... 
[2026-05-30 01:42:29] [ÉXITO] El daemon process_watchdog.py sobrevivió al arranque WMI.
[30/05/2026  1:42:29,10] [BATCH] Ejecutando launcher para unified_channel_daemon.py... 
[30/05/2026  1:42:29,23] [BATCH] Ejecutando launcher para n8n_bridge_daemon.py... 
[30/05/2026  1:42:29,37] [BATCH] Levantando IDEs Antigravity (Doble Instancia)... 
[2026-05-30 01:46:34] ==================================================
[2026-05-30 01:46:34] [INICIO] Apagado completo del enjambre solicitado por Telegram
[2026-05-30 01:46:34] [ÉXITO] Paso 1: kill_switch.lock creado correctamente.
[2026-05-30 01:46:34] [ÉXITO] Paso 2: process_watchdog.py aniquilado.
[2026-05-30 01:46:35] [ÉXITO] Paso 3: Todos los daemons Python secundarios aniquilados.
[2026-05-30 01:46:35] [ÉXITO] Paso 4: Proceso n8n (node.exe) aniquilado.
[2026-05-30 01:46:35] [ÉXITO] Paso 5: Contenedores Qdrant y N8N detenidos.
[2026-05-30 01:46:39] [ÉXITO] Paso 6: IDE Antigravity cerrado.
[2026-05-30 01:46:39] [FIN] Proceso de apagado concluido.
[2026-05-30 01:46:39] ==================================================
[2026-05-30 01:46:42] ==================================================
[2026-05-30 01:46:42] [INICIO] Encendido completo del enjambre solicitado por Telegram
[2026-05-30 01:46:42] [ÉXITO] Paso 1: kill_switch.lock eliminado correctamente.
[2026-05-30 01:46:42] [ÉXITO] Paso 2: start_swarm.bat lanzado con PID 6616.
[2026-05-30 01:46:42] [FIN] Proceso de encendido delegado a start_swarm.bat.
[2026-05-30 01:46:42] ==================================================
[30/05/2026  1:46:56,58] [BATCH] Ejecutando launcher para process_watchdog.py... 
[2026-05-30 01:46:56] [INFO] Lanzando process_watchdog.py vía WMI...
[2026-05-30 01:46:58] [ÉXITO] El daemon process_watchdog.py sobrevivió al arranque WMI.
[30/05/2026  1:46:58,69] [BATCH] Ejecutando launcher para unified_channel_daemon.py... 
[30/05/2026  1:46:58,78] [BATCH] Ejecutando launcher para n8n_bridge_daemon.py... 
[30/05/2026  1:46:58,86] [BATCH] Levantando IDEs Antigravity (Doble Instancia)... 
[2026-05-30 01:51:50] ==================================================
[2026-05-30 01:51:50] [INICIO] Apagado completo del enjambre solicitado por Telegram
[2026-05-30 01:51:50] [ÉXITO] Paso 1: kill_switch.lock creado correctamente.
[2026-05-30 01:51:50] [ÉXITO] Paso 2: process_watchdog.py aniquilado.
[2026-05-30 01:51:51] [ÉXITO] Paso 3: Todos los daemons Python secundarios aniquilados.
[2026-05-30 01:51:51] [ÉXITO] Paso 4: Proceso n8n (node.exe) aniquilado.
[2026-05-30 01:51:51] [ÉXITO] Paso 5: Contenedores Qdrant y N8N detenidos.
[2026-05-30 01:51:55] [ÉXITO] Paso 6: IDE Antigravity cerrado.
[2026-05-30 01:51:55] [FIN] Proceso de apagado concluido.
[2026-05-30 01:51:55] ==================================================
[2026-05-30 01:51:59] ==================================================
[2026-05-30 01:51:59] [INICIO] Encendido completo del enjambre solicitado por Telegram
[2026-05-30 01:51:59] [ÉXITO] Paso 1: kill_switch.lock eliminado correctamente.
[2026-05-30 01:51:59] [ÉXITO] Paso 2: start_swarm.bat lanzado con PID 30404.
[2026-05-30 01:51:59] [FIN] Proceso de encendido delegado a start_swarm.bat.
[2026-05-30 01:51:59] ==================================================
[30/05/2026  1:52:09,71] [BATCH] Ejecutando launcher para process_watchdog.py... 
[2026-05-30 01:52:09] [INFO] Lanzando process_watchdog.py vía WMI...
[2026-05-30 01:52:11] [ÉXITO] El daemon process_watchdog.py sobrevivió al arranque WMI.
[30/05/2026  1:52:11,83] [BATCH] Ejecutando launcher para unified_channel_daemon.py... 
[30/05/2026  1:52:11,95] [BATCH] Ejecutando launcher para n8n_bridge_daemon.py... 
[30/05/2026  1:52:12,06] [BATCH] Levantando IDEs Antigravity (Doble Instancia)... 
[30/05/2026  2:09:51,00] [BATCH] Ejecutando launcher para process_watchdog.py... 
[2026-05-30 02:09:51] [INFO] Lanzando process_watchdog.py vía WMI...
[2026-05-30 02:09:53] [ÉXITO] El daemon process_watchdog.py sobrevivió al arranque WMI.
[30/05/2026  2:09:53,13] [BATCH] Ejecutando launcher para unified_channel_daemon.py... 
[30/05/2026  2:09:53,28] [BATCH] Ejecutando launcher para n8n_bridge_daemon.py... 
[30/05/2026  2:09:53,42] [BATCH] Levantando IDEs Antigravity (Doble Instancia)... 
[2026-05-30 02:09:53] ==================================================
[2026-05-30 02:09:53] [INICIO] Apagado completo del enjambre solicitado por Telegram
[2026-05-30 02:09:53] [ÉXITO] Paso 1: kill_switch.lock creado correctamente.
[2026-05-30 02:09:54] [ÉXITO] Paso 2: process_watchdog.py aniquilado.
[2026-05-30 02:09:55] [ÉXITO] Paso 3: Todos los daemons Python secundarios aniquilados.
[2026-05-30 02:09:55] [ÉXITO] Paso 4: Proceso n8n (node.exe) aniquilado.
[2026-05-30 02:09:55] [ÉXITO] Paso 5: Contenedores Qdrant y N8N detenidos.
[2026-05-30 02:09:56] ==================================================
[2026-05-30 02:09:56] [INICIO] Apagado completo del enjambre solicitado por Telegram
[2026-05-30 02:09:56] [ÉXITO] Paso 1: kill_switch.lock creado correctamente.
[2026-05-30 02:09:57] [ÉXITO] Paso 2: process_watchdog.py aniquilado.
[2026-05-30 02:09:57] [ÉXITO] Paso 3: Todos los daemons Python secundarios aniquilados.
[2026-05-30 02:09:57] [ÉXITO] Paso 4: Proceso n8n (node.exe) aniquilado.
[2026-05-30 02:09:57] [ÉXITO] Paso 5: Contenedores Qdrant y N8N detenidos.
[2026-05-30 02:09:58] ==================================================
[2026-05-30 02:09:58] [INICIO] Encendido completo del enjambre solicitado por Telegram
[2026-05-30 02:09:58] [ÉXITO] Paso 1: kill_switch.lock eliminado correctamente.
[2026-05-30 02:09:58] [ÉXITO] Paso 2: start_swarm.bat lanzado con PID 33592.
[2026-05-30 02:09:58] [FIN] Proceso de encendido delegado a start_swarm.bat.
[2026-05-30 02:09:58] ==================================================
[2026-05-30 02:09:59] [ÉXITO] Paso 6: IDE Antigravity cerrado.
[2026-05-30 02:09:59] [FIN] Proceso de apagado concluido.
[2026-05-30 02:09:59] ==================================================
[2026-05-30 02:10:01] [ÉXITO] Paso 6: IDE Antigravity cerrado.
[2026-05-30 02:10:01] [FIN] Proceso de apagado concluido.
[2026-05-30 02:10:01] ==================================================
[2026-05-30 02:10:36] ==================================================
[2026-05-30 02:10:36] [INICIO] Apagado completo del enjambre solicitado por Telegram
[2026-05-30 02:10:36] [ÉXITO] Paso 1: kill_switch.lock creado correctamente.
[2026-05-30 02:10:36] [ÉXITO] Paso 2: process_watchdog.py aniquilado.
[2026-05-30 02:10:37] [ÉXITO] Paso 3: Todos los daemons Python secundarios aniquilados.
[2026-05-30 02:10:37] [ÉXITO] Paso 4: Proceso n8n (node.exe) aniquilado.
[2026-05-30 02:10:37] [ÉXITO] Paso 5: Contenedores Qdrant y N8N detenidos.
[2026-05-30 02:10:40] [ÉXITO] Paso 6: IDE Antigravity cerrado.
[2026-05-30 02:10:40] [FIN] Proceso de apagado concluido.
[2026-05-30 02:10:40] ==================================================
[30/05/2026  8:05:48,52] [BATCH] Ejecutando launcher para process_watchdog.py... 
[2026-05-30 08:05:48] [INFO] Lanzando process_watchdog.py vía WMI...
[2026-05-30 08:05:50] [ÉXITO] El daemon process_watchdog.py sobrevivió al arranque WMI.
[30/05/2026  8:05:50,67] [BATCH] Ejecutando launcher para unified_channel_daemon.py... 
[30/05/2026  8:05:50,74] [BATCH] Ejecutando launcher para n8n_bridge_daemon.py... 
[30/05/2026  8:05:50,82] [BATCH] Levantando IDEs Antigravity (Doble Instancia)... 
[30/05/2026  8:11:23,11] [BATCH] Ejecutando launcher para process_watchdog.py... 
[30/05/2026  8:11:23,19] [BATCH] Ejecutando launcher para unified_channel_daemon.py... 
[30/05/2026  8:11:23,26] [BATCH] Ejecutando launcher para charm_kill_switch.py... 
[2026-05-30 08:11:23] [INFO] Lanzando charm_kill_switch.py vía WMI...
[2026-05-30 08:11:25] [ÉXITO] El daemon charm_kill_switch.py sobrevivió al arranque WMI.
[30/05/2026  8:11:25,36] [BATCH] Ejecutando launcher para n8n_bridge_daemon.py... 
[30/05/2026  8:11:25,43] [BATCH] Levantando IDEs Antigravity (Doble Instancia)... 
[2026-05-30 08:32:20] ==================================================
[2026-05-30 08:32:20] [INICIO] Encendido completo del enjambre solicitado por Telegram
[2026-05-30 08:32:20] [INFO] Paso 1: kill_switch.lock no existía.
[2026-05-30 08:32:20] [ÉXITO] Paso 2: start_swarm.bat lanzado con PID 15676.
[2026-05-30 08:32:20] [FIN] Proceso de encendido delegado a start_swarm.bat.
[2026-05-30 08:32:20] ==================================================
[30/05/2026  8:32:29,06] [BATCH] Ejecutando launcher para process_watchdog.py... 
[2026-05-30 08:32:29] [INFO] Lanzando process_watchdog.py vía WMI...
[2026-05-30 08:32:31] [ERROR FATAL] El daemon process_watchdog.py crasheó o desapareció inmediatamente después de usar WMI.
[30/05/2026  8:32:31,15] [BATCH] Ejecutando launcher para unified_channel_daemon.py... 
[2026-05-30 08:32:31] [INFO] Lanzando unified_channel_daemon.py vía WMI...
[2026-05-30 08:32:33] [ÉXITO] El daemon unified_channel_daemon.py sobrevivió al arranque WMI.
[30/05/2026  8:32:33,24] [BATCH] Ejecutando launcher para n8n_bridge_daemon.py... 
[2026-05-30 08:32:33] [INFO] Lanzando n8n_bridge_daemon.py vía WMI...
[2026-05-30 08:32:35] [ÉXITO] El daemon n8n_bridge_daemon.py sobrevivió al arranque WMI.
[30/05/2026  8:32:35,32] [BATCH] Levantando IDEs Antigravity (Doble Instancia)... 
[31/05/2026 20:34:17,88] [BATCH] Ejecutando launcher para process_watchdog.py... 
[2026-05-31 20:34:17] [INFO] Lanzando process_watchdog.py vía WMI...
[2026-05-31 20:34:19] [ERROR FATAL] El daemon process_watchdog.py crasheó o desapareció inmediatamente después de usar WMI.
[31/05/2026 20:34:19,98] [BATCH] Ejecutando launcher para unified_channel_daemon.py... 
[2026-05-31 20:34:20] [INFO] Lanzando unified_channel_daemon.py vía WMI...
[2026-05-31 20:34:22] [ÉXITO] El daemon unified_channel_daemon.py sobrevivió al arranque WMI.
[31/05/2026 20:34:22,07] [BATCH] Ejecutando launcher para n8n_bridge_daemon.py... 
[2026-05-31 20:34:22] [INFO] Lanzando n8n_bridge_daemon.py vía WMI...
[2026-05-31 20:34:24] [ÉXITO] El daemon n8n_bridge_daemon.py sobrevivió al arranque WMI.
[31/05/2026 20:34:24,18] [BATCH] Levantando IDEs Antigravity (Doble Instancia)... 
[01/06/2026  8:15:40,51] [BATCH] Ejecutando launcher para process_watchdog.py... 
[2026-06-01 08:15:40] [INFO] Lanzando process_watchdog.py vía WMI...
[2026-06-01 08:15:42] [ÉXITO] El daemon process_watchdog.py sobrevivió al arranque WMI.
[01/06/2026  8:15:42,75] [BATCH] Ejecutando launcher para unified_channel_daemon.py... 
[01/06/2026  8:15:42,85] [BATCH] Ejecutando launcher para n8n_bridge_daemon.py... 
[01/06/2026  8:15:42,94] [BATCH] Levantando IDEs Antigravity (Doble Instancia)... 
[2026-06-02 07:57:06] ==================================================
[2026-06-02 07:57:06] [INICIO] Encendido completo del enjambre solicitado por Telegram
[2026-06-02 07:57:06] [INFO] Paso 1: kill_switch.lock no existía.
[2026-06-02 07:57:06] [ÉXITO] Paso 2: start_swarm.bat lanzado con PID 16816.
[2026-06-02 07:57:06] [FIN] Proceso de encendido delegado a start_swarm.bat.
[2026-06-02 07:57:06] ==================================================
[02/06/2026  7:57:14,03] [BATCH] Ejecutando launcher para process_watchdog.py... 
[2026-06-02 07:57:14] [INFO] Lanzando process_watchdog.py vía WMI...
[2026-06-02 07:57:16] [ERROR FATAL] El daemon process_watchdog.py crasheó o desapareció inmediatamente después de usar WMI.
[02/06/2026  7:57:16,13] [BATCH] Ejecutando launcher para unified_channel_daemon.py... 
[2026-06-02 07:57:16] [INFO] Lanzando unified_channel_daemon.py vía WMI...
[2026-06-02 07:57:18] [ÉXITO] El daemon unified_channel_daemon.py sobrevivió al arranque WMI.
[02/06/2026  7:57:18,22] [BATCH] Ejecutando launcher para n8n_bridge_daemon.py... 
[2026-06-02 07:57:18] [INFO] Lanzando n8n_bridge_daemon.py vía WMI...
[2026-06-02 07:57:20] [ÉXITO] El daemon n8n_bridge_daemon.py sobrevivió al arranque WMI.
[02/06/2026  7:57:20,31] [BATCH] Levantando IDEs Antigravity (Doble Instancia)... 
[02/06/2026 12:23:50,10] [BATCH] Ejecutando launcher para process_watchdog.py... 
[2026-06-02 12:23:50] [INFO] Lanzando process_watchdog.py vía WMI...
[2026-06-02 12:23:52] [ÉXITO] El daemon process_watchdog.py sobrevivió al arranque WMI.
[02/06/2026 12:23:52,22] [BATCH] Ejecutando launcher para unified_channel_daemon.py... 
[02/06/2026 12:23:52,34] [BATCH] Ejecutando launcher para n8n_bridge_daemon.py... 
[02/06/2026 12:23:52,49] [BATCH] Levantando IDEs Antigravity (Doble Instancia)... 
[02/06/2026 12:37:20,77] [BATCH] Ejecutando launcher para process_watchdog.py... 
[02/06/2026 12:37:20,85] [BATCH] Ejecutando launcher para unified_channel_daemon.py... 
[02/06/2026 12:37:20,92] [BATCH] Ejecutando launcher para n8n_bridge_daemon.py... 
[02/06/2026 12:37:20,98] [BATCH] Levantando IDEs Antigravity (Doble Instancia)... 
[2026-06-02 13:30:05] ==================================================
[2026-06-02 13:30:05] [INICIO] Apagado solicitado por Telegram (vía charm_telegram.py)
[2026-06-02 13:30:05] [ÉXITO] Paso 1: kill_switch.lock creado.
[2026-06-02 13:30:06] [ÉXITO] Paso 2: process_watchdog.py aniquilado.
[2026-06-02 13:30:06] [ÉXITO] Paso 3: Todos los daemons Python secundarios aniquilados.
[2026-06-02 13:30:06] [ÉXITO] Paso 4: Proceso n8n (node.exe) aniquilado.
[2026-06-02 13:30:07] [ÉXITO] Paso 5: Contenedores Qdrant y N8N detenidos.
[2026-06-02 13:30:10] [ÉXITO] Paso 6: IDE Charm cerrado.
[2026-06-02 13:30:10] [FIN] Proceso de apagado concluido.
[2026-06-02 13:30:10] ==================================================
[2026-06-02 13:30:15] ==================================================
[2026-06-02 13:30:15] [INICIO] Encendido solicitado por Telegram (vía charm_telegram.py)
[2026-06-02 13:30:15] [ÉXITO] Paso 1: kill_switch.lock eliminado correctamente.
[2026-06-02 13:30:15] [ÉXITO] Paso 2: start_swarm.bat lanzado.
[2026-06-02 13:30:15] [FIN] Proceso de encendido delegado a start_swarm.bat.
[2026-06-02 13:30:15] ==================================================
[03/06/2026 10:30:57,16] [BATCH] Ejecutando launcher para process_watchdog.py... 
[2026-06-03 10:30:57] [INFO] Lanzando process_watchdog.py vía WMI...
[2026-06-03 10:30:59] [ÉXITO] El daemon process_watchdog.py sobrevivió al arranque WMI.
[03/06/2026 10:30:59,28] [BATCH] Ejecutando launcher para unified_channel_daemon.py... 
[03/06/2026 10:30:59,50] [BATCH] Ejecutando launcher para n8n_bridge_daemon.py... 
[03/06/2026 10:30:59,62] [BATCH] Levantando IDEs Antigravity (Doble Instancia)... 
[2026-06-03 10:31:00] ==================================================
[2026-06-03 10:31:00] [INICIO] Encendido completo del enjambre solicitado por Telegram
[2026-06-03 10:31:00] [INFO] Paso 1: kill_switch.lock no existía.
[2026-06-03 10:31:00] [ÉXITO] Paso 2: start_swarm.bat lanzado con PID 27632.
[2026-06-03 10:31:00] [FIN] Proceso de encendido delegado a start_swarm.bat.
[2026-06-03 10:31:00] ==================================================
[04/06/2026  7:58:40,56] [BATCH] Ejecutando launcher para process_watchdog.py... 
[2026-06-04 07:58:40] [INFO] Lanzando process_watchdog.py vía WMI...
[2026-06-04 07:58:42] [ÉXITO] El daemon process_watchdog.py sobrevivió al arranque WMI.
[04/06/2026  7:58:42,69] [BATCH] Ejecutando launcher para unified_channel_daemon.py... 
[04/06/2026  7:58:42,76] [BATCH] Ejecutando launcher para n8n_bridge_daemon.py... 
[04/06/2026  7:58:42,82] [BATCH] Levantando IDE Antigravity (Instancia Unica Nora)... 
[2026-06-04 08:32:06] ==================================================
[2026-06-04 08:32:06] [INICIO] Encendido completo del enjambre solicitado por Telegram
[2026-06-04 08:32:06] [ÉXITO] Paso 1: kill_switch.lock eliminado correctamente.
[2026-06-04 08:32:06] [ÉXITO] Paso 2: start_swarm.bat lanzado con PID 25848.
[2026-06-04 08:32:06] [FIN] Proceso de encendido delegado a start_swarm.bat.
[2026-06-04 08:32:06] ==================================================
[2026-06-04 08:32:52] ==================================================
[2026-06-04 08:32:52] [INICIO] Encendido completo del enjambre solicitado por Telegram
[2026-06-04 08:32:52] [INFO] Paso 1: kill_switch.lock no existía.
[2026-06-04 08:32:52] [ÉXITO] Paso 2: start_swarm.bat lanzado con PID 12952.
[2026-06-04 08:32:52] [FIN] Proceso de encendido delegado a start_swarm.bat.
[2026-06-04 08:32:52] ==================================================
[04/06/2026  8:44:33,43] [BATCH] Ejecutando launcher para process_watchdog.py... 
[2026-06-04 08:44:33] [INFO] Lanzando process_watchdog.py vía WMI...
[2026-06-04 08:44:35] [ERROR FATAL] El daemon process_watchdog.py crasheó o desapareció inmediatamente después de usar WMI.
[04/06/2026  8:44:35,51] [BATCH] Ejecutando launcher para unified_channel_daemon.py... 
[2026-06-04 08:44:35] [INFO] Lanzando unified_channel_daemon.py vía WMI...
[2026-06-04 08:44:37] [ÉXITO] El daemon unified_channel_daemon.py sobrevivió al arranque WMI.
[04/06/2026  8:44:37,60] [BATCH] Ejecutando launcher para n8n_bridge_daemon.py... 
[2026-06-04 08:44:37] [INFO] Lanzando n8n_bridge_daemon.py vía WMI...
[2026-06-04 08:44:39] [ÉXITO] El daemon n8n_bridge_daemon.py sobrevivió al arranque WMI.
[04/06/2026  8:44:39,68] [BATCH] IDE Antigravity sera levantado por el watchdog... 
[2026-06-04 08:45:02] ==================================================
[2026-06-04 08:45:02] [INICIO] Encendido completo del enjambre solicitado por Telegram
[2026-06-04 08:45:02] [INFO] Paso 1: kill_switch.lock no existía.
[2026-06-04 08:45:02] [ÉXITO] Paso 2: start_swarm.bat lanzado con PID 6264.
[2026-06-04 08:45:02] [FIN] Proceso de encendido delegado a start_swarm.bat.
[2026-06-04 08:45:02] ==================================================
[04/06/2026  8:45:26,47] [BATCH] Ejecutando launcher para process_watchdog.py... 
[2026-06-04 08:45:26] [INFO] Lanzando process_watchdog.py vía WMI...
[2026-06-04 08:45:28] [ERROR FATAL] El daemon process_watchdog.py crasheó o desapareció inmediatamente después de usar WMI.
[04/06/2026  8:45:28,56] [BATCH] Ejecutando launcher para unified_channel_daemon.py... 
[04/06/2026  8:45:28,62] [BATCH] Ejecutando launcher para n8n_bridge_daemon.py... 
[04/06/2026  8:45:28,69] [BATCH] IDE Antigravity sera levantado por el watchdog... 
[04/06/2026  8:52:25,50] [BATCH] Ejecutando launcher para process_watchdog.py... 
[2026-06-04 08:52:25] [INFO] Lanzando process_watchdog.py vía WMI...
[2026-06-04 08:52:27] [ERROR FATAL] El daemon process_watchdog.py crasheó o desapareció inmediatamente después de usar WMI.
[04/06/2026  8:52:27,59] [BATCH] Ejecutando launcher para unified_channel_daemon.py... 
[2026-06-04 08:52:27] [INFO] Lanzando unified_channel_daemon.py vía WMI...
[2026-06-04 08:52:29] [ÉXITO] El daemon unified_channel_daemon.py sobrevivió al arranque WMI.
[04/06/2026  8:52:29,68] [BATCH] Ejecutando launcher para n8n_bridge_daemon.py... 
[2026-06-04 08:52:29] [INFO] Lanzando n8n_bridge_daemon.py vía WMI...
[2026-06-04 08:52:31] [ÉXITO] El daemon n8n_bridge_daemon.py sobrevivió al arranque WMI.
[04/06/2026  8:52:55,84] [BATCH] Ejecutando launcher para process_watchdog.py... 
[2026-06-04 08:52:55] [INFO] Lanzando process_watchdog.py vía WMI...
[2026-06-04 08:52:57] [ÉXITO] El daemon process_watchdog.py sobrevivió al arranque WMI.
[04/06/2026  8:52:57,95] [BATCH] Ejecutando launcher para unified_channel_daemon.py... 
[04/06/2026  8:52:58,09] [BATCH] Ejecutando launcher para n8n_bridge_daemon.py... 
[04/06/2026  8:52:58,36] [BATCH] Antigravity check finalizado. 
[04/06/2026 11:28:39,81] [BATCH] Ejecutando launcher para process_watchdog.py... 
[04/06/2026 11:28:39,83] [BATCH] Ejecutando launcher para unified_channel_daemon.py... 
[04/06/2026 11:28:39,86] [BATCH] Ejecutando launcher para nora_queue_watcher.py... 
[04/06/2026 11:28:39,88] [BATCH] Ejecutando launcher para n8n_bridge_daemon.py... 
[04/06/2026 11:28:39,98] [BATCH] Levantando IDE Antigravity (Instancia Unica Nora)... 
[04/06/2026 11:28:40,19] [BATCH] Antigravity check finalizado. 
[2026-06-04 11:30:59] [LAUNCHER] Ya en ejecución (skip): nora_queue_watcher.py
[2026-06-04 21:09:14] [LAUNCHER] Ya en ejecución (skip): nora_queue_watcher.py
[2026-06-04 21:10:07] [LAUNCHER] Ya en ejecución (skip): nora_queue_watcher.py
[2026-06-04 21:11:45] [LAUNCHER] Ya en ejecución (skip): nora_queue_watcher.py
[2026-06-04 21:13:06] [LAUNCHER] Ya en ejecución (skip): unified_channel_daemon.py
[2026-06-04 21:17:41] ==================================================
[2026-06-04 21:17:41] [INICIO] Apagado completo del enjambre solicitado por Telegram
[2026-06-04 21:17:41] [ÉXITO] Paso 1: kill_switch.lock creado correctamente.
[2026-06-04 21:17:41] [ÉXITO] Paso 2: process_watchdog.py aniquilado.
[2026-06-04 21:17:41] [ÉXITO] Paso 3: Todos los daemons Python secundarios aniquilados.
[2026-06-04 21:17:42] [ÉXITO] Paso 4: Proceso n8n (node.exe) aniquilado.
[2026-06-04 21:17:42] [ÉXITO] Paso 5: Contenedores Qdrant y N8N detenidos.
[2026-06-04 21:17:45] [ÉXITO] Paso 6: IDE Antigravity cerrado.
[2026-06-04 21:17:45] [FIN] Proceso de apagado concluido.
[2026-06-04 21:17:45] ==================================================
[04/06/2026 21:18:27,18] [BATCH] Ejecutando launcher para process_watchdog.py... 
[2026-06-04 21:18:27] [LAUNCHER] Ya en ejecución (skip): Advanced_Tools/Daemons/process_watchdog.py
[04/06/2026 21:18:27,27] [BATCH] Ejecutando launcher para unified_channel_daemon.py... 
[2026-06-04 21:18:27] [LAUNCHER] Ya en ejecución (skip): unified_channel_daemon.py
[04/06/2026 21:18:27,36] [BATCH] Ejecutando launcher para nora_queue_watcher.py... 
[2026-06-04 21:18:27] [LAUNCHER] Ya en ejecución (skip): nora_queue_watcher.py
[04/06/2026 21:18:27,44] [BATCH] Ejecutando launcher para n8n_bridge_daemon.py... 
[2026-06-04 21:18:27] [LAUNCHER] Ya en ejecución (skip): n8n_bridge_daemon.py
[04/06/2026 21:18:27,54] [BATCH] Ejecutando launcher para telegram_sentinel.py... 
[2026-06-04 21:18:27] [LAUNCHER] Ya en ejecución (skip): telegram_sentinel.py
[04/06/2026 21:18:27,63] [BATCH] Ejecutando launcher para guardian_daemon.py... 
[2026-06-04 21:18:27] [LAUNCHER] Ya en ejecución (skip): guardian_daemon.py
[04/06/2026 21:18:27,80] [BATCH] Levantando IDE Antigravity (Instancia Unica Nora)... 
[04/06/2026 21:18:27,95] [BATCH] Antigravity check finalizado. 
[04/06/2026 21:29:30,31] [BATCH] Ejecutando launcher para process_watchdog.py... 
[2026-06-04 21:29:30] [LAUNCHER] Ya en ejecución (skip): Advanced_Tools/Daemons/process_watchdog.py
[04/06/2026 21:29:30,39] [BATCH] Ejecutando launcher para unified_channel_daemon.py... 
[2026-06-04 21:29:30] [LAUNCHER] Ya en ejecución (skip): unified_channel_daemon.py
[04/06/2026 21:29:30,47] [BATCH] Ejecutando launcher para nora_queue_watcher.py... 
[2026-06-04 21:29:30] [LAUNCHER] Ya en ejecución (skip): nora_queue_watcher.py
[04/06/2026 21:29:30,55] [BATCH] Ejecutando launcher para n8n_bridge_daemon.py... 
[2026-06-04 21:29:30] [LAUNCHER] Ya en ejecución (skip): n8n_bridge_daemon.py
[04/06/2026 21:29:30,63] [BATCH] Ejecutando launcher para telegram_sentinel.py... 
[2026-06-04 21:29:30] [LAUNCHER] Ya en ejecución (skip): telegram_sentinel.py
[04/06/2026 21:29:30,70] [BATCH] Ejecutando launcher para guardian_daemon.py... 
[2026-06-04 21:29:30] [LAUNCHER] Ya en ejecución (skip): guardian_daemon.py
[04/06/2026 21:29:30,86] [BATCH] Antigravity check finalizado. 
[04/06/2026 21:30:19,38] [BATCH] Ejecutando launcher para process_watchdog.py... 
[2026-06-04 21:30:19] [LAUNCHER] Lanzado PID 33736: Advanced_Tools/Daemons/process_watchdog.py
[04/06/2026 21:30:19,46] [BATCH] Ejecutando launcher para unified_channel_daemon.py... 
[2026-06-04 21:30:19] [LAUNCHER] Lanzado PID 29292: unified_channel_daemon.py
[04/06/2026 21:30:19,55] [BATCH] Ejecutando launcher para nora_queue_watcher.py... 
[2026-06-04 21:30:19] [LAUNCHER] Lanzado PID 32540: nora_queue_watcher.py
[04/06/2026 21:30:19,64] [BATCH] Ejecutando launcher para n8n_bridge_daemon.py... 
[2026-06-04 21:30:19] [LAUNCHER] Ya en ejecución (skip): n8n_bridge_daemon.py
[04/06/2026 21:30:19,75] [BATCH] Ejecutando launcher para telegram_sentinel.py... 
[2026-06-04 21:30:19] [LAUNCHER] Lanzado PID 23524: telegram_sentinel.py
[04/06/2026 21:30:19,85] [BATCH] Ejecutando launcher para guardian_daemon.py... 
[2026-06-04 21:30:19] [LAUNCHER] Lanzado PID 34160: guardian_daemon.py
[04/06/2026 21:30:20,04] [BATCH] Antigravity check finalizado. 
[2026-06-04 21:34:13] ==================================================
[2026-06-04 21:34:13] [INICIO] Encendido completo del enjambre solicitado por Telegram
[2026-06-04 21:34:13] [INFO] Paso 1: kill_switch.lock no existía.
[2026-06-04 21:34:13] [ÉXITO] Paso 2: start_swarm.bat lanzado con PID 34116.
[2026-06-04 21:34:13] [FIN] Proceso de encendido delegado a start_swarm.bat.
[2026-06-04 21:34:13] ==================================================
[2026-06-04 21:38:11] [LAUNCHER] Lanzado PID 30484: nora_queue_watcher.py
