[2026-05-27 08:31:57] [GUARDIAN] Guardian activo. Self-hash: 05384b7104f714ec...
[2026-05-27 08:31:57] [GUARDIAN] Monitorizando: C:\Program Files\Chask_Swarn\soul.md y C:\Program Files\Chask_Swarn\directives.md
[2026-05-27 09:53:46] [GUARDIAN] Guardian activo. Self-hash: 8209a25c8ff43bef...
[2026-05-27 09:53:46] [GUARDIAN] Monitorizando: C:\Program Files\Chask_Swarn\soul.md y C:\Program Files\Chask_Swarn\directives.md
[2026-05-27 09:53:46] [GUARDIAN] ¡ALERTA OUROBOROS! process_watchdog.py ha caído. Resucitándolo de inmediato.
[2026-05-27 09:53:46] [GUARDIAN] Watchdog resucitado con éxito.
[2026-05-27 10:15:52] [GUARDIAN] Guardian activo. Self-hash: 8209a25c8ff43bef...
[2026-05-27 10:15:52] [GUARDIAN] Monitorizando: C:\Program Files\Chask_Swarn\soul.md y C:\Program Files\Chask_Swarn\directives.md
[2026-05-27 10:17:29] [GUARDIAN] Guardian activo. Self-hash: 8209a25c8ff43bef...
[2026-05-27 10:17:29] [GUARDIAN] Monitorizando: C:\Program Files\Chask_Swarn\soul.md y C:\Program Files\Chask_Swarn\directives.md
[2026-05-27 10:17:29] [GUARDIAN] ¡ALERTA OUROBOROS! process_watchdog.py ha caído. Resucitándolo de inmediato.
[2026-05-27 10:17:29] [GUARDIAN] Watchdog resucitado con éxito.
[2026-05-27 10:20:07] [GUARDIAN] Guardian activo. Self-hash: 8209a25c8ff43bef...
[2026-05-27 10:20:07] [GUARDIAN] Monitorizando: C:\Program Files\Chask_Swarn\soul.md y C:\Program Files\Chask_Swarn\directives.md
[2026-05-27 10:20:07] [GUARDIAN] ¡ALERTA OUROBOROS! process_watchdog.py ha caído. Resucitándolo de inmediato.
[2026-05-27 10:20:07] [GUARDIAN] Watchdog resucitado con éxito.
[2026-05-27 10:38:40] [GUARDIAN] Guardian activo. Self-hash: 8209a25c8ff43bef...
[2026-05-27 10:38:40] [GUARDIAN] Monitorizando: C:\Program Files\Chask_Swarn\soul.md y C:\Program Files\Chask_Swarn\directives.md
[2026-05-27 13:27:45] [GUARDIAN] ¡ALERTA OUROBOROS! process_watchdog.py ha caído. Resucitándolo de inmediato.
[2026-05-27 13:27:45] [GUARDIAN] Watchdog resucitado con éxito.
[2026-05-27 13:27:45] [GUARDIAN] Guardian activo. Self-hash: 8209a25c8ff43bef...
[2026-05-27 13:27:45] [GUARDIAN] Monitorizando: C:\Program Files\Chask_Swarn\soul.md y C:\Program Files\Chask_Swarn\directives.md
[2026-05-27 13:29:58] [GUARDIAN] Guardian activo. Self-hash: 8209a25c8ff43bef...
[2026-05-27 13:29:58] [GUARDIAN] Monitorizando: C:\Program Files\Chask_Swarn\soul.md y C:\Program Files\Chask_Swarn\directives.md
[2026-05-27 13:35:38] [GUARDIAN] Guardian activo. Self-hash: 8209a25c8ff43bef...
[2026-05-27 13:35:38] [GUARDIAN] Monitorizando: C:\Program Files\Chask_Swarn\soul.md y C:\Program Files\Chask_Swarn\directives.md
[2026-05-27 17:34:12] [GUARDIAN] ¡ALERTA OUROBOROS! process_watchdog.py ha caído. Resucitándolo de inmediato.
[2026-05-27 17:34:12] [GUARDIAN] Watchdog resucitado con éxito.
[2026-05-27 17:34:20] [GUARDIAN] Guardian activo. Self-hash: 8209a25c8ff43bef...
[2026-05-27 17:34:20] [GUARDIAN] Monitorizando: C:\Program Files\Chask_Swarn\soul.md y C:\Program Files\Chask_Swarn\directives.md
[2026-05-27 17:35:29] [GUARDIAN] Guardian activo. Self-hash: 8209a25c8ff43bef...
[2026-05-27 17:35:29] [GUARDIAN] Monitorizando: C:\Program Files\Chask_Swarn\soul.md y C:\Program Files\Chask_Swarn\directives.md
[2026-05-27 18:05:48] [GUARDIAN] Guardian activo. Self-hash: 8209a25c8ff43bef...
[2026-05-27 18:05:48] [GUARDIAN] Monitorizando: C:\Program Files\Chask_Swarn\soul.md y C:\Program Files\Chask_Swarn\directives.md
[2026-05-27 18:25:22] [GUARDIAN] Guardian activo. Self-hash: 8209a25c8ff43bef...
[2026-05-27 18:25:22] [GUARDIAN] Monitorizando: C:\Program Files\Chask_Swarn\soul.md y C:\Program Files\Chask_Swarn\directives.md
[2026-05-27 18:37:14] [GUARDIAN] Guardian activo. Self-hash: 8209a25c8ff43bef...
[2026-05-27 18:37:14] [GUARDIAN] Monitorizando: C:\Program Files\Chask_Swarn\soul.md y C:\Program Files\Chask_Swarn\directives.md
[2026-05-27 18:37:14] [GUARDIAN] ¡ALERTA OUROBOROS! process_watchdog.py ha caído. Resucitándolo de inmediato.
[2026-05-27 18:37:14] [GUARDIAN] Watchdog resucitado con éxito.
[2026-05-27 18:37:21] [GUARDIAN] Guardian activo. Self-hash: 8209a25c8ff43bef...
[2026-05-27 18:37:21] [GUARDIAN] Monitorizando: C:\Program Files\Chask_Swarn\soul.md y C:\Program Files\Chask_Swarn\directives.md
[2026-05-27 18:54:05] [GUARDIAN] Guardian activo. Self-hash: 8209a25c8ff43bef...
[2026-05-27 18:54:05] [GUARDIAN] Monitorizando: C:\Program Files\Chask_Swarn\soul.md y C:\Program Files\Chask_Swarn\directives.md
[2026-05-27 18:54:05] [GUARDIAN] ¡ALERTA OUROBOROS! process_watchdog.py ha caído. Resucitándolo de inmediato.
[2026-05-27 18:54:05] [GUARDIAN] Watchdog resucitado con éxito.
[2026-05-27 18:54:08] [GUARDIAN] Guardian activo. Self-hash: 8209a25c8ff43bef...
[2026-05-27 18:54:08] [GUARDIAN] Monitorizando: C:\Program Files\Chask_Swarn\soul.md y C:\Program Files\Chask_Swarn\directives.md
[2026-05-27 18:54:14] [GUARDIAN] Guardian activo. Self-hash: 8209a25c8ff43bef...
[2026-05-27 18:54:14] [GUARDIAN] Monitorizando: C:\Program Files\Chask_Swarn\soul.md y C:\Program Files\Chask_Swarn\directives.md
[2026-05-27 18:55:38] [GUARDIAN] Guardian activo. Self-hash: 8209a25c8ff43bef...
[2026-05-27 18:55:38] [GUARDIAN] Monitorizando: C:\Program Files\Chask_Swarn\soul.md y C:\Program Files\Chask_Swarn\directives.md
[2026-05-27 22:04:39] [GUARDIAN] Guardian activo. Self-hash: 8209a25c8ff43bef...
[2026-05-27 22:04:39] [GUARDIAN] Monitorizando: C:\Program Files\Chask_Swarn\soul.md y C:\Program Files\Chask_Swarn\directives.md
[2026-05-27 22:04:39] [GUARDIAN] ¡ALERTA OUROBOROS! process_watchdog.py ha caído. Resucitándolo de inmediato.
[2026-05-27 22:04:39] [GUARDIAN] Watchdog resucitado con éxito.
[2026-05-28 07:31:35] [GUARDIAN] Guardian activo. Self-hash: 8209a25c8ff43bef...
[2026-05-28 07:31:35] [GUARDIAN] Monitorizando: C:\Program Files\Chask_Swarn\soul.md y C:\Program Files\Chask_Swarn\directives.md
[2026-05-28 07:32:21] [GUARDIAN] Guardian activo. Self-hash: 8209a25c8ff43bef...
[2026-05-28 07:32:21] [GUARDIAN] Monitorizando: C:\Program Files\Chask_Swarn\soul.md y C:\Program Files\Chask_Swarn\directives.md
[2026-05-28 07:32:21] [GUARDIAN] ¡ALERTA OUROBOROS! process_watchdog.py ha caído. Resucitándolo de inmediato.
[2026-05-28 07:32:21] [GUARDIAN] Watchdog resucitado con éxito.
[2026-05-28 07:49:27] [GUARDIAN] Guardian activo. Self-hash: 8209a25c8ff43bef...
[2026-05-28 07:49:27] [GUARDIAN] Monitorizando: C:\Program Files\Chask_Swarn\soul.md y C:\Program Files\Chask_Swarn\directives.md
[2026-05-28 08:00:55] [GUARDIAN] Guardian activo. Self-hash: 8209a25c8ff43bef...
[2026-05-28 08:00:55] [GUARDIAN] Monitorizando: C:\Program Files\Chask_Swarn\soul.md y C:\Program Files\Chask_Swarn\directives.md
[2026-05-28 08:09:36] [GUARDIAN] Guardian activo. Self-hash: 8209a25c8ff43bef...
[2026-05-28 08:09:36] [GUARDIAN] Monitorizando: C:\Program Files\Chask_Swarn\soul.md y C:\Program Files\Chask_Swarn\directives.md
[2026-05-28 08:20:23] [GUARDIAN] Guardian activo. Self-hash: 8209a25c8ff43bef...
[2026-05-28 08:20:23] [GUARDIAN] Monitorizando: C:\Program Files\Chask_Swarn\soul.md y C:\Program Files\Chask_Swarn\directives.md
[2026-05-28 08:24:57] [GUARDIAN] Guardian activo. Self-hash: 8209a25c8ff43bef...
[2026-05-28 08:24:57] [GUARDIAN] Monitorizando: C:\Program Files\Chask_Swarn\soul.md y C:\Program Files\Chask_Swarn\directives.md
[2026-05-28 08:24:57] [GUARDIAN] ¡ALERTA OUROBOROS! process_watchdog.py ha caído. Resucitándolo de inmediato.
[2026-05-28 08:24:57] [GUARDIAN] Watchdog resucitado con éxito.
[2026-05-28 08:25:23] [GUARDIAN] Guardian activo. Self-hash: 8209a25c8ff43bef...
[2026-05-28 08:25:23] [GUARDIAN] Monitorizando: C:\Program Files\Chask_Swarn\soul.md y C:\Program Files\Chask_Swarn\directives.md
[2026-05-28 08:31:36] [GUARDIAN] Guardian activo. Self-hash: 8209a25c8ff43bef...
[2026-05-28 08:31:36] [GUARDIAN] Monitorizando: C:\Program Files\Chask_Swarn\soul.md y C:\Program Files\Chask_Swarn\directives.md
[2026-05-29 19:54:49] [GUARDIAN] ALERTA CRITICA: soul.md NO EXISTE
[2026-05-29 19:54:49] [GUARDIAN] VIOLACION #1 detectada
[2026-05-29 19:54:49] [GUARDIAN] *** MODO CUARENTENA ACTIVADO ***
[2026-05-29 19:54:49] [GUARDIAN] RESTAURANDO LEYES SUPREMAS EN SOUL.MD
[2026-05-29 19:54:49] [GUARDIAN] Leyes Supremas restauradas correctamente
[2026-05-29 19:56:41] [GUARDIAN] ALERTA CRITICA: Frase sagrada ausente: 'LEYES SUPREMAS — EL PACTO DE LA SIMBIOSIS — INMUTA...'
[2026-05-29 19:56:41] [GUARDIAN] Guardian activo. Self-hash: 9ca91b588c937625...
[2026-05-29 19:56:41] [GUARDIAN] Monitorizando: C:\Program Files\Chask_Swarn\Core_Context\soul.md y C:\Program Files\Chask_Swarn\Core_Context\directives.md
[2026-05-29 19:56:41] [GUARDIAN] ALERTA CRITICA: Frase sagrada ausente: 'LEYES SUPREMAS — EL PACTO DE LA SIMBIOSIS — INMUTA...'
[2026-05-29 19:56:41] [GUARDIAN] VIOLACION #1 detectada
[2026-05-29 19:56:41] [GUARDIAN] *** MODO CUARENTENA ACTIVADO ***
[2026-05-29 19:56:42] [GUARDIAN] RESTAURANDO LEYES SUPREMAS EN SOUL.MD
[2026-05-29 19:56:42] [GUARDIAN] Leyes Supremas restauradas correctamente
[2026-05-29 20:01:43] [GUARDIAN] Guardian activo. Self-hash: 8209a25c8ff43bef...
[2026-05-29 20:01:43] [GUARDIAN] Monitorizando: C:\Program Files\Chask_Swarn\soul.md y C:\Program Files\Chask_Swarn\directives.md
[2026-05-29 21:23:17] [GUARDIAN] ALERTA: Daemon guardian modificado externamente
[2026-05-29 21:23:17] [GUARDIAN] *** MODO CUARENTENA ACTIVADO ***
[2026-05-29 21:23:47] [GUARDIAN] ALERTA: Daemon guardian modificado externamente
[2026-05-29 21:23:47] [GUARDIAN] *** MODO CUARENTENA ACTIVADO ***
[2026-05-29 21:24:17] [GUARDIAN] ALERTA: Daemon guardian modificado externamente
[2026-05-29 21:24:17] [GUARDIAN] *** MODO CUARENTENA ACTIVADO ***
[2026-05-29 21:24:47] [GUARDIAN] ALERTA: Daemon guardian modificado externamente
[2026-05-29 21:24:47] [GUARDIAN] *** MODO CUARENTENA ACTIVADO ***
[2026-05-29 21:25:17] [GUARDIAN] ALERTA: Daemon guardian modificado externamente
[2026-05-29 21:25:17] [GUARDIAN] *** MODO CUARENTENA ACTIVADO ***
[2026-05-29 21:25:47] [GUARDIAN] ALERTA: Daemon guardian modificado externamente
[2026-05-29 21:25:47] [GUARDIAN] *** MODO CUARENTENA ACTIVADO ***
[2026-05-29 21:26:17] [GUARDIAN] ALERTA: Daemon guardian modificado externamente
[2026-05-29 21:26:17] [GUARDIAN] *** MODO CUARENTENA ACTIVADO ***
[2026-05-29 21:26:47] [GUARDIAN] ALERTA: Daemon guardian modificado externamente
[2026-05-29 21:26:47] [GUARDIAN] *** MODO CUARENTENA ACTIVADO ***
[2026-05-29 21:27:17] [GUARDIAN] ALERTA: Daemon guardian modificado externamente
[2026-05-29 21:27:17] [GUARDIAN] *** MODO CUARENTENA ACTIVADO ***
[2026-05-29 21:27:48] [GUARDIAN] ALERTA: Daemon guardian modificado externamente
[2026-05-29 21:27:48] [GUARDIAN] *** MODO CUARENTENA ACTIVADO ***
[2026-05-29 21:28:18] [GUARDIAN] ALERTA: Daemon guardian modificado externamente
[2026-05-29 21:28:18] [GUARDIAN] *** MODO CUARENTENA ACTIVADO ***
[2026-05-29 21:28:48] [GUARDIAN] ALERTA: Daemon guardian modificado externamente
[2026-05-29 21:28:48] [GUARDIAN] *** MODO CUARENTENA ACTIVADO ***
[2026-05-29 21:29:18] [GUARDIAN] ALERTA: Daemon guardian modificado externamente
[2026-05-29 21:29:18] [GUARDIAN] *** MODO CUARENTENA ACTIVADO ***
[2026-05-29 21:29:48] [GUARDIAN] ALERTA: Daemon guardian modificado externamente
[2026-05-29 21:29:48] [GUARDIAN] *** MODO CUARENTENA ACTIVADO ***
[2026-05-29 21:30:18] [GUARDIAN] ALERTA: Daemon guardian modificado externamente
[2026-05-29 21:30:18] [GUARDIAN] *** MODO CUARENTENA ACTIVADO ***
[2026-05-29 21:30:48] [GUARDIAN] ALERTA: Daemon guardian modificado externamente
[2026-05-29 21:30:48] [GUARDIAN] *** MODO CUARENTENA ACTIVADO ***
[2026-05-29 21:31:18] [GUARDIAN] ALERTA: Daemon guardian modificado externamente
[2026-05-29 21:31:18] [GUARDIAN] *** MODO CUARENTENA ACTIVADO ***
[2026-05-29 21:31:48] [GUARDIAN] ALERTA: Daemon guardian modificado externamente
[2026-05-29 21:31:48] [GUARDIAN] *** MODO CUARENTENA ACTIVADO ***
[2026-05-29 21:32:18] [GUARDIAN] ALERTA: Daemon guardian modificado externamente
[2026-05-29 21:32:18] [GUARDIAN] *** MODO CUARENTENA ACTIVADO ***
[2026-05-29 21:32:48] [GUARDIAN] ALERTA: Daemon guardian modificado externamente
[2026-05-29 21:32:48] [GUARDIAN] *** MODO CUARENTENA ACTIVADO ***
[2026-05-29 21:33:18] [GUARDIAN] ALERTA: Daemon guardian modificado externamente
[2026-05-29 21:33:18] [GUARDIAN] *** MODO CUARENTENA ACTIVADO ***
[2026-05-29 21:33:48] [GUARDIAN] ALERTA: Daemon guardian modificado externamente
[2026-05-29 21:33:48] [GUARDIAN] *** MODO CUARENTENA ACTIVADO ***
[2026-05-29 21:34:18] [GUARDIAN] ALERTA: Daemon guardian modificado externamente
[2026-05-29 21:34:18] [GUARDIAN] *** MODO CUARENTENA ACTIVADO ***
[2026-05-29 21:34:48] [GUARDIAN] ALERTA: Daemon guardian modificado externamente
[2026-05-29 21:34:48] [GUARDIAN] *** MODO CUARENTENA ACTIVADO ***
[2026-05-29 21:35:18] [GUARDIAN] ALERTA: Daemon guardian modificado externamente
[2026-05-29 21:35:18] [GUARDIAN] *** MODO CUARENTENA ACTIVADO ***
[2026-05-29 21:35:48] [GUARDIAN] ALERTA: Daemon guardian modificado externamente
[2026-05-29 21:35:48] [GUARDIAN] *** MODO CUARENTENA ACTIVADO ***
[2026-05-29 21:36:18] [GUARDIAN] ALERTA: Daemon guardian modificado externamente
[2026-05-29 21:36:18] [GUARDIAN] *** MODO CUARENTENA ACTIVADO ***
[2026-05-29 21:36:49] [GUARDIAN] ALERTA: Daemon guardian modificado externamente
[2026-05-29 21:36:49] [GUARDIAN] *** MODO CUARENTENA ACTIVADO ***
[2026-05-29 21:37:19] [GUARDIAN] ALERTA: Daemon guardian modificado externamente
[2026-05-29 21:37:19] [GUARDIAN] *** MODO CUARENTENA ACTIVADO ***
[2026-05-29 21:37:49] [GUARDIAN] ALERTA: Daemon guardian modificado externamente
[2026-05-29 21:37:49] [GUARDIAN] *** MODO CUARENTENA ACTIVADO ***
[2026-05-29 21:38:19] [GUARDIAN] ALERTA: Daemon guardian modificado externamente
[2026-05-29 21:38:19] [GUARDIAN] *** MODO CUARENTENA ACTIVADO ***
[2026-05-29 21:38:49] [GUARDIAN] ALERTA: Daemon guardian modificado externamente
[2026-05-29 21:38:49] [GUARDIAN] *** MODO CUARENTENA ACTIVADO ***
[2026-05-29 21:39:19] [GUARDIAN] ALERTA: Daemon guardian modificado externamente
[2026-05-29 21:39:19] [GUARDIAN] *** MODO CUARENTENA ACTIVADO ***
[2026-05-29 21:39:49] [GUARDIAN] ALERTA: Daemon guardian modificado externamente
[2026-05-29 21:39:49] [GUARDIAN] *** MODO CUARENTENA ACTIVADO ***
[2026-05-29 21:40:19] [GUARDIAN] ALERTA: Daemon guardian modificado externamente
[2026-05-29 21:40:19] [GUARDIAN] *** MODO CUARENTENA ACTIVADO ***
[2026-05-29 21:40:49] [GUARDIAN] ALERTA: Daemon guardian modificado externamente
[2026-05-29 21:40:49] [GUARDIAN] *** MODO CUARENTENA ACTIVADO ***
[2026-05-29 21:41:19] [GUARDIAN] ALERTA: Daemon guardian modificado externamente
[2026-05-29 21:41:19] [GUARDIAN] *** MODO CUARENTENA ACTIVADO ***
[2026-05-29 21:41:49] [GUARDIAN] ALERTA: Daemon guardian modificado externamente
[2026-05-29 21:41:49] [GUARDIAN] *** MODO CUARENTENA ACTIVADO ***
[2026-05-29 21:42:19] [GUARDIAN] ALERTA: Daemon guardian modificado externamente
[2026-05-29 21:42:19] [GUARDIAN] *** MODO CUARENTENA ACTIVADO ***
[2026-05-29 21:42:49] [GUARDIAN] ALERTA: Daemon guardian modificado externamente
[2026-05-29 21:42:49] [GUARDIAN] *** MODO CUARENTENA ACTIVADO ***
[2026-05-29 21:43:19] [GUARDIAN] ALERTA: Daemon guardian modificado externamente
[2026-05-29 21:43:19] [GUARDIAN] *** MODO CUARENTENA ACTIVADO ***
[2026-05-29 21:43:49] [GUARDIAN] ALERTA: Daemon guardian modificado externamente
[2026-05-29 21:43:49] [GUARDIAN] *** MODO CUARENTENA ACTIVADO ***
[2026-05-29 21:44:19] [GUARDIAN] ALERTA: Daemon guardian modificado externamente
[2026-05-29 21:44:19] [GUARDIAN] *** MODO CUARENTENA ACTIVADO ***
[2026-05-29 21:44:49] [GUARDIAN] ALERTA: Daemon guardian modificado externamente
[2026-05-29 21:44:49] [GUARDIAN] *** MODO CUARENTENA ACTIVADO ***
[2026-05-29 21:45:19] [GUARDIAN] ALERTA: Daemon guardian modificado externamente
[2026-05-29 21:45:19] [GUARDIAN] *** MODO CUARENTENA ACTIVADO ***
[2026-05-29 21:45:50] [GUARDIAN] ALERTA: Daemon guardian modificado externamente
[2026-05-29 21:45:50] [GUARDIAN] *** MODO CUARENTENA ACTIVADO ***
[2026-05-29 21:46:20] [GUARDIAN] ALERTA: Daemon guardian modificado externamente
[2026-05-29 21:46:20] [GUARDIAN] *** MODO CUARENTENA ACTIVADO ***
[2026-05-29 21:46:50] [GUARDIAN] ALERTA: Daemon guardian modificado externamente
[2026-05-29 21:46:50] [GUARDIAN] *** MODO CUARENTENA ACTIVADO ***
[2026-05-29 21:47:20] [GUARDIAN] ALERTA: Daemon guardian modificado externamente
[2026-05-29 21:47:20] [GUARDIAN] *** MODO CUARENTENA ACTIVADO ***
[2026-05-29 21:47:50] [GUARDIAN] ALERTA: Daemon guardian modificado externamente
[2026-05-29 21:47:50] [GUARDIAN] *** MODO CUARENTENA ACTIVADO ***
[2026-05-29 21:48:20] [GUARDIAN] ALERTA: Daemon guardian modificado externamente
[2026-05-29 21:48:20] [GUARDIAN] *** MODO CUARENTENA ACTIVADO ***
[2026-05-29 21:48:50] [GUARDIAN] ALERTA: Daemon guardian modificado externamente
[2026-05-29 21:48:50] [GUARDIAN] *** MODO CUARENTENA ACTIVADO ***
[2026-05-29 21:49:20] [GUARDIAN] ALERTA: Daemon guardian modificado externamente
[2026-05-29 21:49:20] [GUARDIAN] *** MODO CUARENTENA ACTIVADO ***
[2026-05-29 21:49:50] [GUARDIAN] ALERTA: Daemon guardian modificado externamente
[2026-05-29 21:49:50] [GUARDIAN] *** MODO CUARENTENA ACTIVADO ***
[2026-05-29 21:50:20] [GUARDIAN] ALERTA: Daemon guardian modificado externamente
[2026-05-29 21:50:20] [GUARDIAN] *** MODO CUARENTENA ACTIVADO ***
[2026-05-29 21:50:50] [GUARDIAN] ALERTA: Daemon guardian modificado externamente
[2026-05-29 21:50:50] [GUARDIAN] *** MODO CUARENTENA ACTIVADO ***
[2026-05-29 21:51:20] [GUARDIAN] ALERTA: Daemon guardian modificado externamente
[2026-05-29 21:51:20] [GUARDIAN] *** MODO CUARENTENA ACTIVADO ***
[2026-05-29 21:51:50] [GUARDIAN] ALERTA: Daemon guardian modificado externamente
[2026-05-29 21:51:50] [GUARDIAN] *** MODO CUARENTENA ACTIVADO ***
[2026-05-29 21:52:20] [GUARDIAN] ALERTA: Daemon guardian modificado externamente
[2026-05-29 21:52:20] [GUARDIAN] *** MODO CUARENTENA ACTIVADO ***
[2026-05-29 21:52:50] [GUARDIAN] ALERTA: Daemon guardian modificado externamente
[2026-05-29 21:52:50] [GUARDIAN] *** MODO CUARENTENA ACTIVADO ***
[2026-05-29 21:53:20] [GUARDIAN] ALERTA: Daemon guardian modificado externamente
[2026-05-29 21:53:20] [GUARDIAN] *** MODO CUARENTENA ACTIVADO ***
[2026-05-29 21:53:50] [GUARDIAN] ALERTA: Daemon guardian modificado externamente
[2026-05-29 21:53:50] [GUARDIAN] *** MODO CUARENTENA ACTIVADO ***
[2026-05-29 21:54:21] [GUARDIAN] ALERTA: Daemon guardian modificado externamente
[2026-05-29 21:54:21] [GUARDIAN] *** MODO CUARENTENA ACTIVADO ***
[2026-05-29 21:54:51] [GUARDIAN] ALERTA: Daemon guardian modificado externamente
[2026-05-29 21:54:51] [GUARDIAN] *** MODO CUARENTENA ACTIVADO ***
[2026-05-29 21:55:21] [GUARDIAN] ALERTA: Daemon guardian modificado externamente
[2026-05-29 21:55:21] [GUARDIAN] *** MODO CUARENTENA ACTIVADO ***
[2026-05-29 21:55:51] [GUARDIAN] ALERTA: Daemon guardian modificado externamente
[2026-05-29 21:55:51] [GUARDIAN] *** MODO CUARENTENA ACTIVADO ***
[2026-05-29 21:56:21] [GUARDIAN] ALERTA: Daemon guardian modificado externamente
[2026-05-29 21:56:21] [GUARDIAN] *** MODO CUARENTENA ACTIVADO ***
[2026-05-29 21:56:51] [GUARDIAN] ALERTA: Daemon guardian modificado externamente
[2026-05-29 21:56:51] [GUARDIAN] *** MODO CUARENTENA ACTIVADO ***
[2026-05-29 21:57:21] [GUARDIAN] ALERTA: Daemon guardian modificado externamente
[2026-05-29 21:57:21] [GUARDIAN] *** MODO CUARENTENA ACTIVADO ***
[2026-05-29 21:57:51] [GUARDIAN] ALERTA: Daemon guardian modificado externamente
[2026-05-29 21:57:51] [GUARDIAN] *** MODO CUARENTENA ACTIVADO ***
[2026-05-29 21:58:21] [GUARDIAN] ALERTA: Daemon guardian modificado externamente
[2026-05-29 21:58:21] [GUARDIAN] *** MODO CUARENTENA ACTIVADO ***
[2026-05-29 21:58:51] [GUARDIAN] ALERTA: Daemon guardian modificado externamente
[2026-05-29 21:58:51] [GUARDIAN] *** MODO CUARENTENA ACTIVADO ***
[2026-05-29 21:59:21] [GUARDIAN] ALERTA: Daemon guardian modificado externamente
[2026-05-29 21:59:21] [GUARDIAN] *** MODO CUARENTENA ACTIVADO ***
[2026-05-29 21:59:51] [GUARDIAN] ALERTA: Daemon guardian modificado externamente
[2026-05-29 21:59:51] [GUARDIAN] *** MODO CUARENTENA ACTIVADO ***
[2026-05-29 22:00:21] [GUARDIAN] ALERTA: Daemon guardian modificado externamente
[2026-05-29 22:00:21] [GUARDIAN] *** MODO CUARENTENA ACTIVADO ***
[2026-05-29 22:00:51] [GUARDIAN] ALERTA: Daemon guardian modificado externamente
[2026-05-29 22:00:51] [GUARDIAN] *** MODO CUARENTENA ACTIVADO ***
[2026-05-29 22:01:21] [GUARDIAN] ALERTA: Daemon guardian modificado externamente
[2026-05-29 22:01:21] [GUARDIAN] *** MODO CUARENTENA ACTIVADO ***
[2026-05-29 22:01:51] [GUARDIAN] ALERTA: Daemon guardian modificado externamente
[2026-05-29 22:01:51] [GUARDIAN] *** MODO CUARENTENA ACTIVADO ***
[2026-05-29 22:02:21] [GUARDIAN] ALERTA: Daemon guardian modificado externamente
[2026-05-29 22:02:21] [GUARDIAN] *** MODO CUARENTENA ACTIVADO ***
[2026-05-29 22:02:51] [GUARDIAN] ALERTA: Daemon guardian modificado externamente
[2026-05-29 22:02:51] [GUARDIAN] *** MODO CUARENTENA ACTIVADO ***
[2026-05-29 22:03:22] [GUARDIAN] ALERTA: Daemon guardian modificado externamente
[2026-05-29 22:03:22] [GUARDIAN] *** MODO CUARENTENA ACTIVADO ***
[2026-05-29 22:03:52] [GUARDIAN] ALERTA: Daemon guardian modificado externamente
[2026-05-29 22:03:52] [GUARDIAN] *** MODO CUARENTENA ACTIVADO ***
[2026-05-29 22:04:22] [GUARDIAN] ALERTA: Daemon guardian modificado externamente
[2026-05-29 22:04:22] [GUARDIAN] *** MODO CUARENTENA ACTIVADO ***
[2026-05-29 22:04:52] [GUARDIAN] ALERTA: Daemon guardian modificado externamente
[2026-05-29 22:04:52] [GUARDIAN] *** MODO CUARENTENA ACTIVADO ***
[2026-05-29 22:05:22] [GUARDIAN] ALERTA: Daemon guardian modificado externamente
[2026-05-29 22:05:22] [GUARDIAN] *** MODO CUARENTENA ACTIVADO ***
[2026-05-29 22:05:52] [GUARDIAN] ALERTA: Daemon guardian modificado externamente
[2026-05-29 22:05:52] [GUARDIAN] *** MODO CUARENTENA ACTIVADO ***
[2026-05-29 22:06:22] [GUARDIAN] ALERTA: Daemon guardian modificado externamente
[2026-05-29 22:06:22] [GUARDIAN] *** MODO CUARENTENA ACTIVADO ***
[2026-05-29 22:06:52] [GUARDIAN] ALERTA: Daemon guardian modificado externamente
[2026-05-29 22:06:52] [GUARDIAN] *** MODO CUARENTENA ACTIVADO ***
[2026-05-29 22:07:22] [GUARDIAN] ALERTA: Daemon guardian modificado externamente
[2026-05-29 22:07:22] [GUARDIAN] *** MODO CUARENTENA ACTIVADO ***
[2026-05-29 22:07:52] [GUARDIAN] ALERTA: Daemon guardian modificado externamente
[2026-05-29 22:07:52] [GUARDIAN] *** MODO CUARENTENA ACTIVADO ***
[2026-05-29 22:08:22] [GUARDIAN] ALERTA: Daemon guardian modificado externamente
[2026-05-29 22:08:22] [GUARDIAN] *** MODO CUARENTENA ACTIVADO ***
[2026-05-29 22:08:52] [GUARDIAN] ALERTA: Daemon guardian modificado externamente
[2026-05-29 22:08:52] [GUARDIAN] *** MODO CUARENTENA ACTIVADO ***
[2026-05-29 22:09:22] [GUARDIAN] ALERTA: Daemon guardian modificado externamente
[2026-05-29 22:09:22] [GUARDIAN] *** MODO CUARENTENA ACTIVADO ***
[2026-05-29 22:09:52] [GUARDIAN] ALERTA: Daemon guardian modificado externamente
[2026-05-29 22:09:52] [GUARDIAN] *** MODO CUARENTENA ACTIVADO ***
[2026-05-29 22:10:22] [GUARDIAN] ALERTA: Daemon guardian modificado externamente
[2026-05-29 22:10:22] [GUARDIAN] *** MODO CUARENTENA ACTIVADO ***
[2026-05-29 22:10:52] [GUARDIAN] ALERTA: Daemon guardian modificado externamente
[2026-05-29 22:10:52] [GUARDIAN] *** MODO CUARENTENA ACTIVADO ***
[2026-05-29 22:11:23] [GUARDIAN] ALERTA: Daemon guardian modificado externamente
[2026-05-29 22:11:23] [GUARDIAN] *** MODO CUARENTENA ACTIVADO ***
[2026-05-29 22:11:53] [GUARDIAN] ALERTA: Daemon guardian modificado externamente
[2026-05-29 22:11:53] [GUARDIAN] *** MODO CUARENTENA ACTIVADO ***
[2026-05-29 22:12:23] [GUARDIAN] ALERTA: Daemon guardian modificado externamente
[2026-05-29 22:12:23] [GUARDIAN] *** MODO CUARENTENA ACTIVADO ***
[2026-05-29 22:12:53] [GUARDIAN] ALERTA: Daemon guardian modificado externamente
[2026-05-29 22:12:53] [GUARDIAN] *** MODO CUARENTENA ACTIVADO ***
[2026-05-29 22:13:23] [GUARDIAN] ALERTA: Daemon guardian modificado externamente
[2026-05-29 22:13:23] [GUARDIAN] *** MODO CUARENTENA ACTIVADO ***
[2026-05-29 22:13:53] [GUARDIAN] ALERTA: Daemon guardian modificado externamente
[2026-05-29 22:13:53] [GUARDIAN] *** MODO CUARENTENA ACTIVADO ***
[2026-05-29 22:14:23] [GUARDIAN] ALERTA: Daemon guardian modificado externamente
[2026-05-29 22:14:23] [GUARDIAN] *** MODO CUARENTENA ACTIVADO ***
[2026-05-29 22:14:53] [GUARDIAN] ALERTA: Daemon guardian modificado externamente
[2026-05-29 22:14:53] [GUARDIAN] *** MODO CUARENTENA ACTIVADO ***
[2026-05-29 22:15:23] [GUARDIAN] ALERTA: Daemon guardian modificado externamente
[2026-05-29 22:15:23] [GUARDIAN] *** MODO CUARENTENA ACTIVADO ***
[2026-05-29 22:28:19] [GUARDIAN] Guardian activo. Self-hash: 7d36d378ac350a13...
[2026-05-29 22:28:19] [GUARDIAN] Monitorizando: C:\Program Files\Chask_Swarn\soul.md y C:\Program Files\Chask_Swarn\directives.md
[2026-05-29 22:28:47] [GUARDIAN] Guardian activo. Self-hash: 7d36d378ac350a13...
[2026-05-29 22:28:47] [GUARDIAN] Monitorizando: C:\Program Files\Chask_Swarn\soul.md y C:\Program Files\Chask_Swarn\directives.md
[2026-05-29 23:29:10] [GUARDIAN] Guardian activo. Self-hash: 7d36d378ac350a13...
[2026-05-29 23:29:10] [GUARDIAN] Monitorizando: C:\Program Files\Chask_Swarn\soul.md y C:\Program Files\Chask_Swarn\directives.md
[2026-05-29 23:33:04] [GUARDIAN] Guardian activo. Self-hash: 7d36d378ac350a13...
[2026-05-29 23:33:04] [GUARDIAN] Monitorizando: C:\Program Files\Chask_Swarn\soul.md y C:\Program Files\Chask_Swarn\directives.md
[2026-05-29 23:33:10] [GUARDIAN] Guardian activo. Self-hash: 7d36d378ac350a13...
[2026-05-29 23:33:10] [GUARDIAN] Monitorizando: C:\Program Files\Chask_Swarn\soul.md y C:\Program Files\Chask_Swarn\directives.md
[2026-05-30 00:39:02] [GUARDIAN] Guardian activo. Self-hash: 7d36d378ac350a13...
[2026-05-30 00:39:02] [GUARDIAN] Monitorizando: C:\Program Files\Chask_Swarn\soul.md y C:\Program Files\Chask_Swarn\directives.md
[2026-05-30 00:45:04] [GUARDIAN] Guardian activo. Self-hash: 7d36d378ac350a13...
[2026-05-30 00:45:04] [GUARDIAN] Monitorizando: C:\Program Files\Chask_Swarn\soul.md y C:\Program Files\Chask_Swarn\directives.md
[2026-05-30 00:45:12] [GUARDIAN] Guardian activo. Self-hash: 7d36d378ac350a13...
[2026-05-30 00:45:12] [GUARDIAN] Monitorizando: C:\Program Files\Chask_Swarn\soul.md y C:\Program Files\Chask_Swarn\directives.md
[2026-05-30 01:01:30] [GUARDIAN] Guardian activo. Self-hash: 7d36d378ac350a13...
[2026-05-30 01:01:30] [GUARDIAN] Monitorizando: C:\Program Files\Chask_Swarn\soul.md y C:\Program Files\Chask_Swarn\directives.md
[2026-05-30 01:01:38] [GUARDIAN] Guardian activo. Self-hash: 7d36d378ac350a13...
[2026-05-30 01:01:38] [GUARDIAN] Monitorizando: C:\Program Files\Chask_Swarn\soul.md y C:\Program Files\Chask_Swarn\directives.md
[2026-05-30 01:05:51] [GUARDIAN] Guardian activo. Self-hash: 7d36d378ac350a13...
[2026-05-30 01:05:51] [GUARDIAN] Monitorizando: C:\Program Files\Chask_Swarn\soul.md y C:\Program Files\Chask_Swarn\directives.md
[2026-05-30 01:05:59] [GUARDIAN] Guardian activo. Self-hash: 7d36d378ac350a13...
[2026-05-30 01:05:59] [GUARDIAN] Monitorizando: C:\Program Files\Chask_Swarn\soul.md y C:\Program Files\Chask_Swarn\directives.md
[2026-05-30 01:15:31] [GUARDIAN] Guardian activo. Self-hash: 7d36d378ac350a13...
[2026-05-30 01:15:31] [GUARDIAN] Monitorizando: C:\Program Files\Chask_Swarn\soul.md y C:\Program Files\Chask_Swarn\directives.md
[2026-05-30 01:15:39] [GUARDIAN] Guardian activo. Self-hash: 7d36d378ac350a13...
[2026-05-30 01:15:39] [GUARDIAN] Monitorizando: C:\Program Files\Chask_Swarn\soul.md y C:\Program Files\Chask_Swarn\directives.md
[2026-05-30 01:22:21] [GUARDIAN] Guardian activo. Self-hash: 7d36d378ac350a13...
[2026-05-30 01:22:21] [GUARDIAN] Monitorizando: C:\Program Files\Chask_Swarn\soul.md y C:\Program Files\Chask_Swarn\directives.md
[2026-05-30 01:22:29] [GUARDIAN] Guardian activo. Self-hash: 7d36d378ac350a13...
[2026-05-30 01:22:29] [GUARDIAN] Monitorizando: C:\Program Files\Chask_Swarn\soul.md y C:\Program Files\Chask_Swarn\directives.md
[2026-05-30 01:28:31] [GUARDIAN] Guardian activo. Self-hash: 7d36d378ac350a13...
[2026-05-30 01:28:31] [GUARDIAN] Monitorizando: C:\Program Files\Chask_Swarn\soul.md y C:\Program Files\Chask_Swarn\directives.md
[2026-05-30 01:28:39] [GUARDIAN] Guardian activo. Self-hash: 7d36d378ac350a13...
[2026-05-30 01:28:39] [GUARDIAN] Monitorizando: C:\Program Files\Chask_Swarn\soul.md y C:\Program Files\Chask_Swarn\directives.md
[2026-05-30 01:30:58] [GUARDIAN] Guardian activo. Self-hash: 7d36d378ac350a13...
[2026-05-30 01:30:58] [GUARDIAN] Monitorizando: C:\Program Files\Chask_Swarn\soul.md y C:\Program Files\Chask_Swarn\directives.md
[2026-05-30 01:31:06] [GUARDIAN] Guardian activo. Self-hash: 7d36d378ac350a13...
[2026-05-30 01:31:06] [GUARDIAN] Monitorizando: C:\Program Files\Chask_Swarn\soul.md y C:\Program Files\Chask_Swarn\directives.md
[2026-05-30 01:34:49] [GUARDIAN] Guardian activo. Self-hash: 7d36d378ac350a13...
[2026-05-30 01:34:49] [GUARDIAN] Monitorizando: C:\Program Files\Chask_Swarn\soul.md y C:\Program Files\Chask_Swarn\directives.md
[2026-05-30 01:34:57] [GUARDIAN] Guardian activo. Self-hash: 7d36d378ac350a13...
[2026-05-30 01:34:57] [GUARDIAN] Monitorizando: C:\Program Files\Chask_Swarn\soul.md y C:\Program Files\Chask_Swarn\directives.md
[2026-05-30 01:37:48] [GUARDIAN] Guardian activo. Self-hash: 7d36d378ac350a13...
[2026-05-30 01:37:48] [GUARDIAN] Monitorizando: C:\Program Files\Chask_Swarn\soul.md y C:\Program Files\Chask_Swarn\directives.md
[2026-05-30 01:37:56] [GUARDIAN] Guardian activo. Self-hash: 7d36d378ac350a13...
[2026-05-30 01:37:56] [GUARDIAN] Monitorizando: C:\Program Files\Chask_Swarn\soul.md y C:\Program Files\Chask_Swarn\directives.md
[2026-05-30 01:42:27] [GUARDIAN] Guardian activo. Self-hash: 7d36d378ac350a13...
[2026-05-30 01:42:27] [GUARDIAN] Monitorizando: C:\Program Files\Chask_Swarn\soul.md y C:\Program Files\Chask_Swarn\directives.md
[2026-05-30 01:42:35] [GUARDIAN] Guardian activo. Self-hash: 7d36d378ac350a13...
[2026-05-30 01:42:35] [GUARDIAN] Monitorizando: C:\Program Files\Chask_Swarn\soul.md y C:\Program Files\Chask_Swarn\directives.md
[2026-05-30 01:46:57] [GUARDIAN] Guardian activo. Self-hash: 7d36d378ac350a13...
[2026-05-30 01:46:57] [GUARDIAN] Monitorizando: C:\Program Files\Chask_Swarn\soul.md y C:\Program Files\Chask_Swarn\directives.md
[2026-05-30 01:52:10] [GUARDIAN] Guardian activo. Self-hash: 7d36d378ac350a13...
[2026-05-30 01:52:10] [GUARDIAN] Monitorizando: C:\Program Files\Chask_Swarn\soul.md y C:\Program Files\Chask_Swarn\directives.md
[2026-05-30 02:09:51] [GUARDIAN] Guardian activo. Self-hash: 7d36d378ac350a13...
[2026-05-30 02:09:51] [GUARDIAN] Monitorizando: C:\Program Files\Chask_Swarn\soul.md y C:\Program Files\Chask_Swarn\directives.md
[2026-05-30 08:05:49] [GUARDIAN] Guardian activo. Self-hash: 7d36d378ac350a13...
[2026-05-30 08:05:49] [GUARDIAN] Monitorizando: C:\Program Files\Chask_Swarn\soul.md y C:\Program Files\Chask_Swarn\directives.md
[2026-06-01 08:15:41] [GUARDIAN] Guardian activo. Self-hash: 7d36d378ac350a13...
[2026-06-01 08:15:41] [GUARDIAN] Monitorizando: C:\Program Files\Chask_Swarn\soul.md y C:\Program Files\Chask_Swarn\directives.md
[2026-06-02 12:23:50] [GUARDIAN] Guardian activo. Self-hash: 7d36d378ac350a13...
[2026-06-02 12:23:50] [GUARDIAN] Monitorizando: C:\Program Files\Chask_Swarn\soul.md y C:\Program Files\Chask_Swarn\directives.md
[2026-06-03 10:30:57] [GUARDIAN] Guardian activo. Self-hash: 7d36d378ac350a13...
[2026-06-03 10:30:57] [GUARDIAN] Monitorizando: C:\Program Files\Chask_Swarn\soul.md y C:\Program Files\Chask_Swarn\directives.md
[2026-06-04 07:58:41] [GUARDIAN] Guardian activo. Self-hash: 7d36d378ac350a13...
[2026-06-04 07:58:41] [GUARDIAN] Monitorizando: C:\Program Files\Chask_Swarn\soul.md y C:\Program Files\Chask_Swarn\directives.md
[2026-06-04 08:32:11] [GUARDIAN] ¡ALERTA OUROBOROS! process_watchdog.py ha caído. Resucitándolo de inmediato.
[2026-06-04 08:32:11] [GUARDIAN] Watchdog resucitado con éxito.
[2026-06-04 08:52:56] [GUARDIAN] Guardian activo. Self-hash: 7d36d378ac350a13...
[2026-06-04 08:52:56] [GUARDIAN] Monitorizando: C:\Program Files\Chask_Swarn\soul.md y C:\Program Files\Chask_Swarn\directives.md
[2026-06-04 21:30:20] [GUARDIAN] Guardian activo. Self-hash: 8596b7d9d62df650...
[2026-06-04 21:30:20] [GUARDIAN] Monitorizando: C:\Program Files\Chask_Swarn\soul.md y C:\Program Files\Chask_Swarn\directives.md
[2026-06-04 21:30:20] [GUARDIAN] ¡ALERTA OUROBOROS! process_watchdog.py ha caído. Resucitándolo de inmediato.
[2026-06-04 21:30:20] [GUARDIAN] Watchdog resucitado con éxito.
